Archive member included to satisfy reference by file (symbol)

C:/Users/g_aa2/AppData/Local/stm32cube/bundles/gnu-tools-for-stm32/14.3.1+st.2/bin/../lib/gcc/arm-none-eabi/14.3.1/thumb/v7-m/nofp\libgcc.a(_arm_muldf3.o)
                              CMakeFiles/RemoteControl.dir/User/Third_Party/OLED/oled.c.obj (__aeabi_dmul)
C:/Users/g_aa2/AppData/Local/stm32cube/bundles/gnu-tools-for-stm32/14.3.1+st.2/bin/../lib/gcc/arm-none-eabi/14.3.1/thumb/v7-m/nofp\libgcc.a(_arm_addsubdf3.o)
                              CMakeFiles/RemoteControl.dir/User/Third_Party/OLED/oled.c.obj (__aeabi_dsub)
C:/Users/g_aa2/AppData/Local/stm32cube/bundles/gnu-tools-for-stm32/14.3.1+st.2/bin/../lib/gcc/arm-none-eabi/14.3.1/thumb/v7-m/nofp\libgcc.a(_arm_fixdfsi.o)
                              CMakeFiles/RemoteControl.dir/User/Third_Party/OLED/oled.c.obj (__aeabi_d2iz)
C:/Users/g_aa2/AppData/Local/stm32cube/bundles/gnu-tools-for-stm32/14.3.1+st.2/bin/../lib/gcc/arm-none-eabi/14.3.1/../../../../arm-none-eabi/lib/thumb/v7-m/nofp\libg_nano.a(libc_a-exit.o)
                              C:/Users/g_aa2/AppData/Local/stm32cube/bundles/gnu-tools-for-stm32/14.3.1+st.2/bin/../lib/gcc/arm-none-eabi/14.3.1/../../../../arm-none-eabi/lib/thumb/v7-m/nofp/crt0.o (exit)
C:/Users/g_aa2/AppData/Local/stm32cube/bundles/gnu-tools-for-stm32/14.3.1+st.2/bin/../lib/gcc/arm-none-eabi/14.3.1/../../../../arm-none-eabi/lib/thumb/v7-m/nofp\libg_nano.a(libc_a-findfp.o)
                              C:/Users/g_aa2/AppData/Local/stm32cube/bundles/gnu-tools-for-stm32/14.3.1+st.2/bin/../lib/gcc/arm-none-eabi/14.3.1/../../../../arm-none-eabi/lib/thumb/v7-m/nofp\libg_nano.a(libc_a-exit.o) (__stdio_exit_handler)
C:/Users/g_aa2/AppData/Local/stm32cube/bundles/gnu-tools-for-stm32/14.3.1+st.2/bin/../lib/gcc/arm-none-eabi/14.3.1/../../../../arm-none-eabi/lib/thumb/v7-m/nofp\libg_nano.a(libc_a-fwalk.o)
                              C:/Users/g_aa2/AppData/Local/stm32cube/bundles/gnu-tools-for-stm32/14.3.1+st.2/bin/../lib/gcc/arm-none-eabi/14.3.1/../../../../arm-none-eabi/lib/thumb/v7-m/nofp\libg_nano.a(libc_a-findfp.o) (_fwalk_sglue)
C:/Users/g_aa2/AppData/Local/stm32cube/bundles/gnu-tools-for-stm32/14.3.1+st.2/bin/../lib/gcc/arm-none-eabi/14.3.1/../../../../arm-none-eabi/lib/thumb/v7-m/nofp\libg_nano.a(libc_a-stdio.o)
                              C:/Users/g_aa2/AppData/Local/stm32cube/bundles/gnu-tools-for-stm32/14.3.1+st.2/bin/../lib/gcc/arm-none-eabi/14.3.1/../../../../arm-none-eabi/lib/thumb/v7-m/nofp\libg_nano.a(libc_a-findfp.o) (__sread)
C:/Users/g_aa2/AppData/Local/stm32cube/bundles/gnu-tools-for-stm32/14.3.1+st.2/bin/../lib/gcc/arm-none-eabi/14.3.1/../../../../arm-none-eabi/lib/thumb/v7-m/nofp\libg_nano.a(libc_a-memcmp.o)
                              CMakeFiles/RemoteControl.dir/User/Third_Party/OLED/oled.c.obj (memcmp)
C:/Users/g_aa2/AppData/Local/stm32cube/bundles/gnu-tools-for-stm32/14.3.1+st.2/bin/../lib/gcc/arm-none-eabi/14.3.1/../../../../arm-none-eabi/lib/thumb/v7-m/nofp\libg_nano.a(libc_a-memmove.o)
                              CMakeFiles/RemoteControl.dir/User/APP/APP_Uart/app_uart.c.obj (memmove)
C:/Users/g_aa2/AppData/Local/stm32cube/bundles/gnu-tools-for-stm32/14.3.1+st.2/bin/../lib/gcc/arm-none-eabi/14.3.1/../../../../arm-none-eabi/lib/thumb/v7-m/nofp\libg_nano.a(libc_a-memset.o)
                              C:/Users/g_aa2/AppData/Local/stm32cube/bundles/gnu-tools-for-stm32/14.3.1+st.2/bin/../lib/gcc/arm-none-eabi/14.3.1/../../../../arm-none-eabi/lib/thumb/v7-m/nofp/crt0.o (memset)
C:/Users/g_aa2/AppData/Local/stm32cube/bundles/gnu-tools-for-stm32/14.3.1+st.2/bin/../lib/gcc/arm-none-eabi/14.3.1/../../../../arm-none-eabi/lib/thumb/v7-m/nofp\libg_nano.a(libc_a-closer.o)
                              C:/Users/g_aa2/AppData/Local/stm32cube/bundles/gnu-tools-for-stm32/14.3.1+st.2/bin/../lib/gcc/arm-none-eabi/14.3.1/../../../../arm-none-eabi/lib/thumb/v7-m/nofp\libg_nano.a(libc_a-stdio.o) (_close_r)
C:/Users/g_aa2/AppData/Local/stm32cube/bundles/gnu-tools-for-stm32/14.3.1+st.2/bin/../lib/gcc/arm-none-eabi/14.3.1/../../../../arm-none-eabi/lib/thumb/v7-m/nofp\libg_nano.a(libc_a-reent.o)
                              C:/Users/g_aa2/AppData/Local/stm32cube/bundles/gnu-tools-for-stm32/14.3.1+st.2/bin/../lib/gcc/arm-none-eabi/14.3.1/../../../../arm-none-eabi/lib/thumb/v7-m/nofp\libg_nano.a(libc_a-closer.o) (errno)
C:/Users/g_aa2/AppData/Local/stm32cube/bundles/gnu-tools-for-stm32/14.3.1+st.2/bin/../lib/gcc/arm-none-eabi/14.3.1/../../../../arm-none-eabi/lib/thumb/v7-m/nofp\libg_nano.a(libc_a-impure.o)
                              C:/Users/g_aa2/AppData/Local/stm32cube/bundles/gnu-tools-for-stm32/14.3.1+st.2/bin/../lib/gcc/arm-none-eabi/14.3.1/../../../../arm-none-eabi/lib/thumb/v7-m/nofp\libg_nano.a(libc_a-reent.o) (_impure_ptr)
C:/Users/g_aa2/AppData/Local/stm32cube/bundles/gnu-tools-for-stm32/14.3.1+st.2/bin/../lib/gcc/arm-none-eabi/14.3.1/../../../../arm-none-eabi/lib/thumb/v7-m/nofp\libg_nano.a(libc_a-lseekr.o)
[...]
Memory Configuration

Name             Origin             Length             Attributes
RAM              0x20000000         0x00005000         xrw
FLASH            0x08000000         0x00010000         xr
*default*        0x00000000         0xffffffff

Linker script and memory map

LOAD C:/Users/g_aa2/AppData/Local/stm32cube/bundles/gnu-tools-for-stm32/14.3.1+st.2/bin/../lib/gcc/arm-none-eabi/14.3.1/thumb/v7-m/nofp/crti.o
LOAD C:/Users/g_aa2/AppData/Local/stm32cube/bundles/gnu-tools-for-stm32/14.3.1+st.2/bin/../lib/gcc/arm-none-eabi/14.3.1/thumb/v7-m/nofp/crtbegin.o
LOAD C:/Users/g_aa2/AppData/Local/stm32cube/bundles/gnu-tools-for-stm32/14.3.1+st.2/bin/../lib/gcc/arm-none-eabi/14.3.1/../../../../arm-none-eabi/lib/thumb/v7-m/nofp/crt0.o
LOAD cmake/stm32cubemx/CMakeFiles/STM32_Drivers.dir/__/__/Core/Src/system_stm32f1xx.c.obj
LOAD cmake/stm32cubemx/CMakeFiles/STM32_Drivers.dir/__/__/Drivers/STM32F1xx_HAL_Driver/Src/stm32f1xx_hal_gpio_ex.c.obj
LOAD cmake/stm32cubemx/CMakeFiles/STM32_Drivers.dir/__/__/Drivers/STM32F1xx_HAL_Driver/Src/stm32f1xx_hal_tim.c.obj
LOAD cmake/stm32cubemx/CMakeFiles/STM32_Drivers.dir/__/__/Drivers/STM32F1xx_HAL_Driver/Src/stm32f1xx_hal_tim_ex.c.obj
LOAD cmake/stm32cubemx/CMakeFiles/STM32_Drivers.dir/__/__/Drivers/STM32F1xx_HAL_Driver/Src/stm32f1xx_hal.c.obj
LOAD cmake/stm32cubemx/CMakeFiles/STM32_Drivers.dir/__/__/Drivers/STM32F1xx_HAL_Driver/Src/stm32f1xx_hal_rcc.c.obj
LOAD cmake/stm32cubemx/CMakeFiles/STM32_Drivers.dir/__/__/Drivers/STM32F1xx_HAL_Driver/Src/stm32f1xx_hal_rcc_ex.c.obj
LOAD cmake/stm32cubemx/CMakeFiles/STM32_Drivers.dir/__/__/Drivers/STM32F1xx_HAL_Driver/Src/stm32f1xx_hal_gpio.c.obj
LOAD cmake/stm32cubemx/CMakeFiles/STM32_Drivers.dir/__/__/Drivers/STM32F1xx_HAL_Driver/Src/stm32f1xx_hal_dma.c.obj
LOAD cmake/stm32cubemx/CMakeFiles/STM32_Drivers.dir/__/__/Drivers/STM32F1xx_HAL_Driver/Src/stm32f1xx_hal_cortex.c.obj
LOAD cmake/stm32cubemx/CMakeFiles/STM32_Drivers.dir/__/__/Drivers/STM32F1xx_HAL_Driver/Src/stm32f1xx_hal_pwr.c.obj
LOAD cmake/stm32cubemx/CMakeFiles/STM32_Drivers.dir/__/__/Drivers/STM32F1xx_HAL_Driver/Src/stm32f1xx_hal_flash.c.obj
LOAD cmake/stm32cubemx/CMakeFiles/STM32_Drivers.dir/__/__/Drivers/STM32F1xx_HAL_Driver/Src/stm32f1xx_hal_flash_ex.c.obj
LOAD cmake/stm32cubemx/CMakeFiles/STM32_Drivers.dir/__/__/Drivers/STM32F1xx_HAL_Driver/Src/stm32f1xx_hal_exti.c.obj
LOAD cmake/stm32cubemx/CMakeFiles/STM32_Drivers.dir/__/__/Drivers/STM32F1xx_HAL_Driver/Src/stm32f1xx_hal_i2c.c.obj
LOAD cmake/stm32cubemx/CMakeFiles/STM32_Drivers.dir/__/__/Drivers/STM32F1xx_HAL_Driver/Src/stm32f1xx_hal_uart.c.obj
LOAD cmake/stm32cubemx/CMakeFiles/FreeRTOS.dir/__/__/Middlewares/Third_Party/FreeRTOS/Source/croutine.c.obj
LOAD cmake/stm32cubemx/CMakeFiles/FreeRTOS.dir/__/__/Middlewares/Third_Party/FreeRTOS/Source/event_groups.c.obj
LOAD cmake/stm32cubemx/CMakeFiles/FreeRTOS.dir/__/__/Middlewares/Third_Party/FreeRTOS/Source/list.c.obj
LOAD cmake/stm32cubemx/CMakeFiles/FreeRTOS.dir/__/__/Middlewares/Third_Party/FreeRTOS/Source/queue.c.obj
LOAD cmake/stm32cubemx/CMakeFiles/FreeRTOS.dir/__/__/Middlewares/Third_Party/FreeRTOS/Source/stream_buffer.c.obj
LOAD cmake/stm32cubemx/CMakeFiles/FreeRTOS.dir/__/__/Middlewares/Third_Party/FreeRTOS/Source/tasks.c.obj
LOAD cmake/stm32cubemx/CMakeFiles/FreeRTOS.dir/__/__/Middlewares/Third_Party/FreeRTOS/Source/timers.c.obj
LOAD cmake/stm32cubemx/CMakeFiles/FreeRTOS.dir/__/__/Middlewares/Third_Party/FreeRTOS/Source/CMSIS_RTOS_V2/cmsis_os2.c.obj
LOAD cmake/stm32cubemx/CMakeFiles/FreeRTOS.dir/__/__/Middlewares/Third_Party/FreeRTOS/Source/portable/MemMang/heap_4.c.obj
LOAD cmake/stm32cubemx/CMakeFiles/FreeRTOS.dir/__/__/Middlewares/Third_Party/FreeRTOS/Source/portable/GCC/ARM_CM3/port.c.obj
LOAD CMakeFiles/RemoteControl.dir/Core/Src/main.c.obj
LOAD CMakeFiles/RemoteControl.dir/Core/Src/gpio.c.obj
LOAD CMakeFiles/RemoteControl.dir/Core/Src/freertos.c.obj
LOAD CMakeFiles/RemoteControl.dir/Core/Src/dma.c.obj
LOAD CMakeFiles/RemoteControl.dir/Core/Src/i2c.c.obj
LOAD CMakeFiles/RemoteControl.dir/Core/Src/usart.c.obj
LOAD CMakeFiles/RemoteControl.dir/Core/Src/stm32f1xx_it.c.obj
LOAD CMakeFiles/RemoteControl.dir/Core/Src/stm32f1xx_hal_msp.c.obj
LOAD CMakeFiles/RemoteControl.dir/Core/Src/stm32f1xx_hal_timebase_tim.c.obj
LOAD CMakeFiles/RemoteControl.dir/Core/Src/sysmem.c.obj
LOAD CMakeFiles/RemoteControl.dir/Core/Src/syscalls.c.obj
LOAD CMakeFiles/RemoteControl.dir/startup_stm32f103xb.s.obj
LOAD CMakeFiles/RemoteControl.dir/User/APP/APP_Uart/app_uart.c.obj
LOAD CMakeFiles/RemoteControl.dir/User/APP/APP_Uart/app_uart_cmd.c.obj
LOAD CMakeFiles/RemoteControl.dir/User/APP/APP_Key/app_key.c.obj
LOAD CMakeFiles/RemoteControl.dir/User/APP/APP_Key/app_key_cmd.c.obj
LOAD CMakeFiles/RemoteControl.dir/User/BSP/BSP_GPIO/bsp_gpio.c.obj
LOAD CMakeFiles/RemoteControl.dir/User/BSP/BSP_Sys/bsp_sys.c.obj
LOAD CMakeFiles/RemoteControl.dir/User/BSP/BSP_Uart/bsp_uart.c.obj
LOAD CMakeFiles/RemoteControl.dir/User/Middlewares/Codec/codec.c.obj
LOAD CMakeFiles/RemoteControl.dir/User/TASK/task_uart_rx.c.obj
LOAD CMakeFiles/RemoteControl.dir/User/TASK/task_uart_rx_cmd.c.obj
LOAD CMakeFiles/RemoteControl.dir/User/TASK/task_uart_tx.c.obj
LOAD CMakeFiles/RemoteControl.dir/User/TASK/task_key_debounce.c.obj
LOAD CMakeFiles/RemoteControl.dir/User/TASK/task_key_cmd.c.obj
LOAD CMakeFiles/RemoteControl.dir/User/TASK/task_oled.c.obj
LOAD CMakeFiles/RemoteControl.dir/User/Third_Party/OLED/oled.c.obj
LOAD CMakeFiles/RemoteControl.dir/User/Third_Party/OLED/oled_extend.c.obj
LOAD CMakeFiles/RemoteControl.dir/User/Third_Party/OLED/font.c.obj
LOAD CMakeFiles/RemoteControl.dir/User/Third_Party/OLED/oled_ui.c.obj
LOAD C:/Users/g_aa2/AppData/Local/stm32cube/bundles/gnu-tools-for-stm32/14.3.1+st.2/bin/../lib/gcc/arm-none-eabi/14.3.1/../../../../arm-none-eabi/lib/thumb/v7-m/nofp\libm.a
START GROUP
LOAD C:/Users/g_aa2/AppData/Local/stm32cube/bundles/gnu-tools-for-stm32/14.3.1+st.2/bin/../lib/gcc/arm-none-eabi/14.3.1/thumb/v7-m/nofp\libgcc.a
LOAD C:/Users/g_aa2/AppData/Local/stm32cube/bundles/gnu-tools-for-stm32/14.3.1+st.2/bin/../lib/gcc/arm-none-eabi/14.3.1/../../../../arm-none-eabi/lib/thumb/v7-m/nofp\libg_nano.a
LOAD C:/Users/g_aa2/AppData/Local/stm32cube/bundles/gnu-tools-for-stm32/14.3.1+st.2/bin/../lib/gcc/arm-none-eabi/14.3.1/../../../../arm-none-eabi/lib/thumb/v7-m/nofp\libc_nano.a
END GROUP
START GROUP
LOAD C:/Users/g_aa2/AppData/Local/stm32cube/bundles/gnu-tools-for-stm32/14.3.1+st.2/bin/../lib/gcc/arm-none-eabi/14.3.1/thumb/v7-m/nofp\libgcc.a
LOAD C:/Users/g_aa2/AppData/Local/stm32cube/bundles/gnu-tools-for-stm32/14.3.1+st.2/bin/../lib/gcc/arm-none-eabi/14.3.1/../../../../arm-none-eabi/lib/thumb/v7-m/nofp\libc_nano.a
END GROUP
LOAD C:/Users/g_aa2/AppData/Local/stm32cube/bundles/gnu-tools-for-stm32/14.3.1+st.2/bin/../lib/gcc/arm-none-eabi/14.3.1/thumb/v7-m/nofp/crtend.o
LOAD C:/Users/g_aa2/AppData/Local/stm32cube/bundles/gnu-tools-for-stm32/14.3.1+st.2/bin/../lib/gcc/arm-none-eabi/14.3.1/thumb/v7-m/nofp/crtn.o
                0x20005000                        _estack = (ORIGIN (RAM) + LENGTH (RAM))
                0x00000200                        _Min_Heap_Size = 0x200
                0x00000400                        _Min_Stack_Size = 0x400

.isr_vector     0x08000000      0x10c
                0x08000000                        . = ALIGN (0x4)
 *(.isr_vector)
 .isr_vector    0x08000000      0x10c CMakeFiles/RemoteControl.dir/startup_stm32f103xb.s.obj
                0x08000000                g_pfnVectors
                0x0800010c                        . = ALIGN (0x4)

.text           0x08000110     0x952c
                0x08000110                        . = ALIGN (0x4)
 *(.text)
 .text          0x08000110       0x40 C:/Users/g_aa2/AppData/Local/stm32cube/bundles/gnu-tools-for-stm32/14.3.1+st.2/bin/../lib/gcc/arm-none-eabi/14.3.1/thumb/v7-m/nofp/crtbegin.o
 *(.text*)
 .text.SystemInit
                0x08000150        0xc cmake/stm32cubemx/CMakeFiles/STM32_Drivers.dir/__/__/Core/Src/system_stm32f1xx.c.obj
                0x08000150                SystemInit
 .text.HAL_TIM_Base_Init
                0x0800015c       0x9e cmake/stm32cubemx/CMakeFiles/STM32_Drivers.dir/__/__/Drivers/STM32F1xx_HAL_Driver/Src/stm32f1xx_hal_tim.c.obj
                0x0800015c                HAL_TIM_Base_Init
 .text.HAL_TIM_Base_MspInit
                0x080001fa       0x12 cmake/stm32cubemx/CMakeFiles/STM32_Drivers.dir/__/__/Drivers/STM32F1xx_HAL_Driver/Src/stm32f1xx_hal_tim.c.obj
                0x080001fa                HAL_TIM_Base_MspInit
 .text.HAL_TIM_Base_Start_IT
                0x0800020c       0xa4 cmake/stm32cubemx/CMakeFiles/STM32_Drivers.dir/__/__/Drivers/STM32F1xx_HAL_Driver/Src/stm32f1xx_hal_tim.c.obj
                0x0800020c                HAL_TIM_Base_Start_IT
 .text.HAL_TIM_IRQHandler
                0x080002b0      0x1e0 cmake/stm32cubemx/CMakeFiles/STM32_Drivers.dir/__/__/Drivers/STM32F1xx_HAL_Driver/Src/stm32f1xx_hal_tim.c.obj
                0x080002b0                HAL_TIM_IRQHandler
 .text.HAL_TIM_OC_DelayElapsedCallback
                0x08000490       0x12 cmake/stm32cubemx/CMakeFiles/STM32_Drivers.dir/__/__/Drivers/STM32F1xx_HAL_Driver/Src/stm32f1xx_hal_tim.c.obj
                0x08000490                HAL_TIM_OC_DelayElapsedCallback
 .text.HAL_TIM_IC_CaptureCallback
                0x080004a2       0x12 cmake/stm32cubemx/CMakeFiles/STM32_Drivers.dir/__/__/Drivers/STM32F1xx_HAL_Driver/Src/stm32f1xx_hal_tim.c.obj
                0x080004a2                HAL_TIM_IC_CaptureCallback
 .text.HAL_TIM_PWM_PulseFinishedCallback
                0x080004b4       0x12 cmake/stm32cubemx/CMakeFiles/STM32_Drivers.dir/__/__/Drivers/STM32F1xx_HAL_Driver/Src/stm32f1xx_hal_tim.c.obj
                0x080004b4                HAL_TIM_PWM_PulseFinishedCallback
 .text.HAL_TIM_TriggerCallback
                0x080004c6       0x12 cmake/stm32cubemx/CMakeFiles/STM32_Drivers.dir/__/__/Drivers/STM32F1xx_HAL_Driver/Src/stm32f1xx_hal_tim.c.obj
                0x080004c6                HAL_TIM_TriggerCallback
 .text.TIM_Base_SetConfig
                0x080004d8       0xdc cmake/stm32cubemx/CMakeFiles/STM32_Drivers.dir/__/__/Drivers/STM32F1xx_HAL_Driver/Src/stm32f1xx_hal_tim.c.obj
                0x080004d8                TIM_Base_SetConfig
 .text.HAL_TIMEx_CommutCallback
                0x080005b4       0x12 cmake/stm32cubemx/CMakeFiles/STM32_Drivers.dir/__/__/Drivers/STM32F1xx_HAL_Driver/Src/stm32f1xx_hal_tim_ex.c.obj
                0x080005b4                HAL_TIMEx_CommutCallback
 .text.HAL_TIMEx_BreakCallback
                0x080005c6       0x12 cmake/stm32cubemx/CMakeFiles/STM32_Drivers.dir/__/__/Drivers/STM32F1xx_HAL_Driver/Src/stm32f1xx_hal_tim_ex.c.obj
                0x080005c6                HAL_TIMEx_BreakCallback
 .text.HAL_Init
                0x080005d8       0x2c cmake/stm32cubemx/CMakeFiles/STM32_Drivers.dir/__/__/Drivers/STM32F1xx_HAL_Driver/Src/stm32f1xx_hal.c.obj
                0x080005d8                HAL_Init
 .text.HAL_IncTick
                0x08000604       0x24 cmake/stm32cubemx/CMakeFiles/STM32_Drivers.dir/__/__/Drivers/STM32F1xx_HAL_Driver/Src/stm32f1xx_hal.c.obj
                0x08000604                HAL_IncTick
 .text.HAL_GetTick
                0x08000628       0x14 cmake/stm32cubemx/CMakeFiles/STM32_Drivers.dir/__/__/Drivers/STM32F1xx_HAL_Driver/Src/stm32f1xx_hal.c.obj
                0x08000628                HAL_GetTick
 .text.HAL_RCC_OscConfig
                0x0800063c      0x504 cmake/stm32cubemx/CMakeFiles/STM32_Drivers.dir/__/__/Drivers/STM32F1xx_HAL_Driver/Src/stm32f1xx_hal_rcc.c.obj
                0x0800063c                HAL_RCC_OscConfig
 .text.HAL_RCC_ClockConfig
                0x08000b40      0x1d4 cmake/stm32cubemx/CMakeFiles/STM32_Drivers.dir/__/__/Drivers/STM32F1xx_HAL_Driver/Src/stm32f1xx_hal_rcc.c.obj
                0x08000b40                HAL_RCC_ClockConfig
 .text.HAL_RCC_GetSysClockFreq
                0x08000d14       0xa8 cmake/stm32cubemx/CMakeFiles/STM32_Drivers.dir/__/__/Drivers/STM32F1xx_HAL_Driver/Src/stm32f1xx_hal_rcc.c.obj
                0x08000d14                HAL_RCC_GetSysClockFreq
 .text.HAL_RCC_GetHCLKFreq
                0x08000dbc       0x14 cmake/stm32cubemx/CMakeFiles/STM32_Drivers.dir/__/__/Drivers/STM32F1xx_HAL_Driver/Src/stm32f1xx_hal_rcc.c.obj
                0x08000dbc                HAL_RCC_GetHCLKFreq
 .text.HAL_RCC_GetPCLK1Freq
                0x08000dd0       0x28 cmake/stm32cubemx/CMakeFiles/STM32_Drivers.dir/__/__/Drivers/STM32F1xx_HAL_Driver/Src/stm32f1xx_hal_rcc.c.obj
                0x08000dd0                HAL_RCC_GetPCLK1Freq
 .text.HAL_RCC_GetPCLK2Freq
                0x08000df8       0x28 cmake/stm32cubemx/CMakeFiles/STM32_Drivers.dir/__/__/Drivers/STM32F1xx_HAL_Driver/Src/stm32f1xx_hal_rcc.c.obj
                0x08000df8                HAL_RCC_GetPCLK2Freq
 .text.HAL_RCC_GetClockConfig
                0x08000e20       0x60 cmake/stm32cubemx/CMakeFiles/STM32_Drivers.dir/__/__/Drivers/STM32F1xx_HAL_Driver/Src/stm32f1xx_hal_rcc.c.obj
                0x08000e20                HAL_RCC_GetClockConfig
 .text.RCC_Delay
                0x08000e80       0x3c cmake/stm32cubemx/CMakeFiles/STM32_Drivers.dir/__/__/Drivers/STM32F1xx_HAL_Driver/Src/stm32f1xx_hal_rcc.c.obj
 .text.HAL_GPIO_Init
                0x08000ebc      0x308 cmake/stm32cubemx/CMakeFiles/STM32_Drivers.dir/__/__/Drivers/STM32F1xx_HAL_Driver/Src/stm32f1xx_hal_gpio.c.obj
                0x08000ebc                HAL_GPIO_Init
 .text.HAL_GPIO_ReadPin
                0x080011c4       0x2e cmake/stm32cubemx/CMakeFiles/STM32_Drivers.dir/__/__/Drivers/STM32F1xx_HAL_Driver/Src/stm32f1xx_hal_gpio.c.obj
                0x080011c4                HAL_GPIO_ReadPin
 .text.HAL_GPIO_WritePin
                0x080011f2       0x30 cmake/stm32cubemx/CMakeFiles/STM32_Drivers.dir/__/__/Drivers/STM32F1xx_HAL_Driver/Src/stm32f1xx_hal_gpio.c.obj
                0x080011f2                HAL_GPIO_WritePin
 .text.HAL_GPIO_TogglePin
                0x08001222       0x32 cmake/stm32cubemx/CMakeFiles/STM32_Drivers.dir/__/__/Drivers/STM32F1xx_HAL_Driver/Src/stm32f1xx_hal_gpio.c.obj
                0x08001222                HAL_GPIO_TogglePin
 .text.HAL_DMA_Init
                0x08001254       0xb4 cmake/stm32cubemx/CMakeFiles/STM32_Drivers.dir/__/__/Drivers/STM32F1xx_HAL_Driver/Src/stm32f1xx_hal_dma.c.obj
                0x08001254                HAL_DMA_Init
 .text.HAL_DMA_Start_IT
                0x08001308       0xc0 cmake/stm32cubemx/CMakeFiles/STM32_Drivers.dir/__/__/Drivers/STM32F1xx_HAL_Driver/Src/stm32f1xx_hal_dma.c.obj
                0x08001308                HAL_DMA_Start_IT
 .text.HAL_DMA_Abort
                0x080013c8       0x76 cmake/stm32cubemx/CMakeFiles/STM32_Drivers.dir/__/__/Drivers/STM32F1xx_HAL_Driver/Src/stm32f1xx_hal_dma.c.obj
                0x080013c8                HAL_DMA_Abort
 *fill*         0x0800143e        0x2 
 .text.HAL_DMA_Abort_IT
                0x08001440       0xf0 cmake/stm32cubemx/CMakeFiles/STM32_Drivers.dir/__/__/Drivers/STM32F1xx_HAL_Driver/Src/stm32f1xx_hal_dma.c.obj
                0x08001440                HAL_DMA_Abort_IT
 .text.HAL_DMA_IRQHandler
                0x08001530      0x20c cmake/stm32cubemx/CMakeFiles/STM32_Drivers.dir/__/__/Drivers/STM32F1xx_HAL_Driver/Src/stm32f1xx_hal_dma.c.obj
                0x08001530                HAL_DMA_IRQHandler
 .text.DMA_SetConfig
                0x0800173c       0x5a cmake/stm32cubemx/CMakeFiles/STM32_Drivers.dir/__/__/Drivers/STM32F1xx_HAL_Driver/Src/stm32f1xx_hal_dma.c.obj
 *fill*         0x08001796        0x2 
 .text.__NVIC_SetPriorityGrouping
                0x08001798       0x48 cmake/stm32cubemx/CMakeFiles/STM32_Drivers.dir/__/__/Drivers/STM32F1xx_HAL_Driver/Src/stm32f1xx_hal_cortex.c.obj
 .text.__NVIC_GetPriorityGrouping
                0x080017e0       0x1c cmake/stm32cubemx/CMakeFiles/STM32_Drivers.dir/__/__/Drivers/STM32F1xx_HAL_Driver/Src/stm32f1xx_hal_cortex.c.obj
 .text.__NVIC_EnableIRQ
                0x080017fc       0x38 cmake/stm32cubemx/CMakeFiles/STM32_Drivers.dir/__/__/Drivers/STM32F1xx_HAL_Driver/Src/stm32f1xx_hal_cortex.c.obj
 .text.__NVIC_SetPriority
                0x08001834       0x54 cmake/stm32cubemx/CMakeFiles/STM32_Drivers.dir/__/__/Drivers/STM32F1xx_HAL_Driver/Src/stm32f1xx_hal_cortex.c.obj
 .text.NVIC_EncodePriority
                0x08001888       0x64 cmake/stm32cubemx/CMakeFiles/STM32_Drivers.dir/__/__/Drivers/STM32F1xx_HAL_Driver/Src/stm32f1xx_hal_cortex.c.obj
 .text.HAL_NVIC_SetPriorityGrouping
                0x080018ec       0x16 cmake/stm32cubemx/CMakeFiles/STM32_Drivers.dir/__/__/Drivers/STM32F1xx_HAL_Driver/Src/stm32f1xx_hal_cortex.c.obj
                0x080018ec                HAL_NVIC_SetPriorityGrouping
 .text.HAL_NVIC_SetPriority
                0x08001902       0x38 cmake/stm32cubemx/CMakeFiles/STM32_Drivers.dir/__/__/Drivers/STM32F1xx_HAL_Driver/Src/stm32f1xx_hal_cortex.c.obj
                0x08001902                HAL_NVIC_SetPriority
 .text.HAL_NVIC_EnableIRQ
                0x0800193a       0x1c cmake/stm32cubemx/CMakeFiles/STM32_Drivers.dir/__/__/Drivers/STM32F1xx_HAL_Driver/Src/stm32f1xx_hal_cortex.c.obj
                0x0800193a                HAL_NVIC_EnableIRQ
 *fill*         0x08001956        0x2 
 .text.HAL_I2C_Init
                0x08001958      0x288 cmake/stm32cubemx/CMakeFiles/STM32_Drivers.dir/__/__/Drivers/STM32F1xx_HAL_Driver/Src/stm32f1xx_hal_i2c.c.obj
                0x08001958                HAL_I2C_Init
 .text.HAL_I2C_Master_Transmit
                0x08001be0      0x1fc cmake/stm32cubemx/CMakeFiles/STM32_Drivers.dir/__/__/Drivers/STM32F1xx_HAL_Driver/Src/stm32f1xx_hal_i2c.c.obj
                0x08001be0                HAL_I2C_Master_Transmit
 .text.I2C_MasterRequestWrite
                0x08001ddc      0x104 cmake/stm32cubemx/CMakeFiles/STM32_Drivers.dir/__/__/Drivers/STM32F1xx_HAL_Driver/Src/stm32f1xx_hal_i2c.c.obj
 .text.I2C_WaitOnFlagUntilTimeout
                0x08001ee0       0xf4 cmake/stm32cubemx/CMakeFiles/STM32_Drivers.dir/__/__/Drivers/STM32F1xx_HAL_Driver/Src/stm32f1xx_hal_i2c.c.obj
 .text.I2C_WaitOnMasterAddressFlagUntilTimeout
                0x08001fd4      0x140 cmake/stm32cubemx/CMakeFiles/STM32_Drivers.dir/__/__/Drivers/STM32F1xx_HAL_Driver/Src/stm32f1xx_hal_i2c.c.obj
 .text.I2C_WaitOnTXEFlagUntilTimeout
                0x08002114       0x90 cmake/stm32cubemx/CMakeFiles/STM32_Drivers.dir/__/__/Drivers/STM32F1xx_HAL_Driver/Src/stm32f1xx_hal_i2c.c.obj
 .text.I2C_WaitOnBTFFlagUntilTimeout
                0x080021a4       0x90 cmake/stm32cubemx/CMakeFiles/STM32_Drivers.dir/__/__/Drivers/STM32F1xx_HAL_Driver/Src/stm32f1xx_hal_i2c.c.obj
 .text.I2C_IsAcknowledgeFailed
                0x08002234       0x5c cmake/stm32cubemx/CMakeFiles/STM32_Drivers.dir/__/__/Drivers/STM32F1xx_HAL_Driver/Src/stm32f1xx_hal_i2c.c.obj
 .text.HAL_UART_Init
                0x08002290       0xa0 cmake/stm32cubemx/CMakeFiles/STM32_Drivers.dir/__/__/Drivers/STM32F1xx_HAL_Driver/Src/stm32f1xx_hal_uart.c.obj
                0x08002290                HAL_UART_Init
 .text.HAL_UART_Transmit_DMA
                0x08002330       0xe0 cmake/stm32cubemx/CMakeFiles/STM32_Drivers.dir/__/__/Drivers/STM32F1xx_HAL_Driver/Src/stm32f1xx_hal_uart.c.obj
                0x08002330                HAL_UART_Transmit_DMA
 .text.HAL_UART_DMAStop
                0x08002410       0xfe cmake/stm32cubemx/CMakeFiles/STM32_Drivers.dir/__/__/Drivers/STM32F1xx_HAL_Driver/Src/stm32f1xx_hal_uart.c.obj
                0x08002410                HAL_UART_DMAStop
 .text.HAL_UARTEx_ReceiveToIdle_DMA
                0x0800250e       0xb2 cmake/stm32cubemx/CMakeFiles/STM32_Drivers.dir/__/__/Drivers/STM32F1xx_HAL_Driver/Src/stm32f1xx_hal_uart.c.obj
                0x0800250e                HAL_UARTEx_ReceiveToIdle_DMA
 .text.HAL_UART_IRQHandler
                0x080025c0      0x524 cmake/stm32cubemx/CMakeFiles/STM32_Drivers.dir/__/__/Drivers/STM32F1xx_HAL_Driver/Src/stm32f1xx_hal_uart.c.obj
                0x080025c0                HAL_UART_IRQHandler
 .text.HAL_UART_TxHalfCpltCallback
                0x08002ae4       0x12 cmake/stm32cubemx/CMakeFiles/STM32_Drivers.dir/__/__/Drivers/STM32F1xx_HAL_Driver/Src/stm32f1xx_hal_uart.c.obj
                0x08002ae4                HAL_UART_TxHalfCpltCallback
 .text.HAL_UART_ErrorCallback
                0x08002af6       0x12 cmake/stm32cubemx/CMakeFiles/STM32_Drivers.dir/__/__/Drivers/STM32F1xx_HAL_Driver/Src/stm32f1xx_hal_uart.c.obj
                0x08002af6                HAL_UART_ErrorCallback
 .text.UART_DMATransmitCplt
                0x08002b08       0x9a cmake/stm32cubemx/CMakeFiles/STM32_Drivers.dir/__/__/Drivers/STM32F1xx_HAL_Driver/Src/stm32f1xx_hal_uart.c.obj
 .text.UART_DMATxHalfCplt
                0x08002ba2       0x1c cmake/stm32cubemx/CMakeFiles/STM32_Drivers.dir/__/__/Drivers/STM32F1xx_HAL_Driver/Src/stm32f1xx_hal_uart.c.obj
 .text.UART_DMAReceiveCplt
                0x08002bbe      0x12c cmake/stm32cubemx/CMakeFiles/STM32_Drivers.dir/__/__/Drivers/STM32F1xx_HAL_Driver/Src/stm32f1xx_hal_uart.c.obj
 .text.UART_DMARxHalfCplt
                0x08002cea       0x3c cmake/stm32cubemx/CMakeFiles/STM32_Drivers.dir/__/__/Drivers/STM32F1xx_HAL_Driver/Src/stm32f1xx_hal_uart.c.obj
 .text.UART_DMAError
                0x08002d26       0x94 cmake/stm32cubemx/CMakeFiles/STM32_Drivers.dir/__/__/Drivers/STM32F1xx_HAL_Driver/Src/stm32f1xx_hal_uart.c.obj
 *fill*         0x08002dba        0x2 
 .text.UART_Start_Receive_DMA
                0x08002dbc      0x134 cmake/stm32cubemx/CMakeFiles/STM32_Drivers.dir/__/__/Drivers/STM32F1xx_HAL_Driver/Src/stm32f1xx_hal_uart.c.obj
                0x08002dbc                UART_Start_Receive_DMA
 .text.UART_EndTxTransfer
                0x08002ef0       0x4e cmake/stm32cubemx/CMakeFiles/STM32_Drivers.dir/__/__/Drivers/STM32F1xx_HAL_Driver/Src/stm32f1xx_hal_uart.c.obj
 .text.UART_EndRxTransfer
                0x08002f3e       0xc4 cmake/stm32cubemx/CMakeFiles/STM32_Drivers.dir/__/__/Drivers/STM32F1xx_HAL_Driver/Src/stm32f1xx_hal_uart.c.obj
 .text.UART_DMAAbortOnError
                0x08003002       0x28 cmake/stm32cubemx/CMakeFiles/STM32_Drivers.dir/__/__/Drivers/STM32F1xx_HAL_Driver/Src/stm32f1xx_hal_uart.c.obj
 .text.UART_Transmit_IT
                0x0800302a       0x9e cmake/stm32cubemx/CMakeFiles/STM32_Drivers.dir/__/__/Drivers/STM32F1xx_HAL_Driver/Src/stm32f1xx_hal_uart.c.obj
 .text.UART_EndTransmit_IT
                0x080030c8       0x30 cmake/stm32cubemx/CMakeFiles/STM32_Drivers.dir/__/__/Drivers/STM32F1xx_HAL_Driver/Src/stm32f1xx_hal_uart.c.obj
 .text.UART_Receive_IT
                0x080030f8      0x17c cmake/stm32cubemx/CMakeFiles/STM32_Drivers.dir/__/__/Drivers/STM32F1xx_HAL_Driver/Src/stm32f1xx_hal_uart.c.obj
 .text.UART_SetConfig
                0x08003274      0x11c cmake/stm32cubemx/CMakeFiles/STM32_Drivers.dir/__/__/Drivers/STM32F1xx_HAL_Driver/Src/stm32f1xx_hal_uart.c.obj
 .text.vListInitialise
                0x08003390       0x3e cmake/stm32cubemx/CMakeFiles/FreeRTOS.dir/__/__/Middlewares/Third_Party/FreeRTOS/Source/list.c.obj
                0x08003390                vListInitialise
 .text.vListInitialiseItem
                0x080033ce       0x18 cmake/stm32cubemx/CMakeFiles/FreeRTOS.dir/__/__/Middlewares/Third_Party/FreeRTOS/Source/list.c.obj
                0x080033ce                vListInitialiseItem
 .text.vListInsertEnd
                0x080033e6       0x46 cmake/stm32cubemx/CMakeFiles/FreeRTOS.dir/__/__/Middlewares/Third_Party/FreeRTOS/Source/list.c.obj
                0x080033e6                vListInsertEnd
 .text.vListInsert
                0x0800342c       0x70 cmake/stm32cubemx/CMakeFiles/FreeRTOS.dir/__/__/Middlewares/Third_Party/FreeRTOS/Source/list.c.obj
                0x0800342c                vListInsert
 .text.uxListRemove
                0x0800349c       0x52 cmake/stm32cubemx/CMakeFiles/FreeRTOS.dir/__/__/Middlewares/Third_Party/FreeRTOS/Source/list.c.obj
                0x0800349c                uxListRemove
 *fill*         0x080034ee        0x2 
 .text.xQueueGenericReset
                0x080034f0       0xd4 cmake/stm32cubemx/CMakeFiles/FreeRTOS.dir/__/__/Middlewares/Third_Party/FreeRTOS/Source/queue.c.obj
                0x080034f0                xQueueGenericReset
 .text.xQueueGenericCreateStatic
                0x080035c4       0xfa cmake/stm32cubemx/CMakeFiles/FreeRTOS.dir/__/__/Middlewares/Third_Party/FreeRTOS/Source/queue.c.obj
                0x080035c4                xQueueGenericCreateStatic
 .text.xQueueGenericCreate
                0x080036be       0x76 cmake/stm32cubemx/CMakeFiles/FreeRTOS.dir/__/__/Middlewares/Third_Party/FreeRTOS/Source/queue.c.obj
                0x080036be                xQueueGenericCreate
 .text.prvInitialiseNewQueue
                0x08003734       0x46 cmake/stm32cubemx/CMakeFiles/FreeRTOS.dir/__/__/Middlewares/Third_Party/FreeRTOS/Source/queue.c.obj
 .text.xQueueCreateCountingSemaphoreStatic
                0x0800377a       0x72 cmake/stm32cubemx/CMakeFiles/FreeRTOS.dir/__/__/Middlewares/Third_Party/FreeRTOS/Source/queue.c.obj
                0x0800377a                xQueueCreateCountingSemaphoreStatic
 .text.xQueueCreateCountingSemaphore
                0x080037ec       0x6a cmake/stm32cubemx/CMakeFiles/FreeRTOS.dir/__/__/Middlewares/Third_Party/FreeRTOS/Source/queue.c.obj
                0x080037ec                xQueueCreateCountingSemaphore
 *fill*         0x08003856        0x2 
 .text.xQueueGenericSend
                0x08003858      0x204 cmake/stm32cubemx/CMakeFiles/FreeRTOS.dir/__/__/Middlewares/Third_Party/FreeRTOS/Source/queue.c.obj
                0x08003858                xQueueGenericSend
 .text.xQueueGenericSendFromISR
                0x08003a5c      0x13c cmake/stm32cubemx/CMakeFiles/FreeRTOS.dir/__/__/Middlewares/Third_Party/FreeRTOS/Source/queue.c.obj
                0x08003a5c                xQueueGenericSendFromISR
 .text.xQueueGiveFromISR
                0x08003b98      0x120 cmake/stm32cubemx/CMakeFiles/FreeRTOS.dir/__/__/Middlewares/Third_Party/FreeRTOS/Source/queue.c.obj
                0x08003b98                xQueueGiveFromISR
 .text.xQueueReceive
                0x08003cb8      0x1c4 cmake/stm32cubemx/CMakeFiles/FreeRTOS.dir/__/__/Middlewares/Third_Party/FreeRTOS/Source/queue.c.obj
                0x08003cb8                xQueueReceive
 .text.xQueueSemaphoreTake
                0x08003e7c      0x220 cmake/stm32cubemx/CMakeFiles/FreeRTOS.dir/__/__/Middlewares/Third_Party/FreeRTOS/Source/queue.c.obj
                0x08003e7c                xQueueSemaphoreTake
 .text.xQueueReceiveFromISR
                0x0800409c      0x104 cmake/stm32cubemx/CMakeFiles/FreeRTOS.dir/__/__/Middlewares/Third_Party/FreeRTOS/Source/queue.c.obj
                0x0800409c                xQueueReceiveFromISR
 .text.vQueueDelete
                0x080041a0       0x48 cmake/stm32cubemx/CMakeFiles/FreeRTOS.dir/__/__/Middlewares/Third_Party/FreeRTOS/Source/queue.c.obj
                0x080041a0                vQueueDelete
 .text.prvGetDisinheritPriorityAfterTimeout
                0x080041e8       0x2e cmake/stm32cubemx/CMakeFiles/FreeRTOS.dir/__/__/Middlewares/Third_Party/FreeRTOS/Source/queue.c.obj
 .text.prvCopyDataToQueue
                0x08004216       0xd4 cmake/stm32cubemx/CMakeFiles/FreeRTOS.dir/__/__/Middlewares/Third_Party/FreeRTOS/Source/queue.c.obj
 .text.prvCopyDataFromQueue
                0x080042ea       0x4c cmake/stm32cubemx/CMakeFiles/FreeRTOS.dir/__/__/Middlewares/Third_Party/FreeRTOS/Source/queue.c.obj
 .text.prvUnlockQueue
                0x08004336       0xa4 cmake/stm32cubemx/CMakeFiles/FreeRTOS.dir/__/__/Middlewares/Third_Party/FreeRTOS/Source/queue.c.obj
 .text.prvIsQueueEmpty
                0x080043da       0x2c cmake/stm32cubemx/CMakeFiles/FreeRTOS.dir/__/__/Middlewares/Third_Party/FreeRTOS/Source/queue.c.obj
 .text.prvIsQueueFull
                0x08004406       0x30 cmake/stm32cubemx/CMakeFiles/FreeRTOS.dir/__/__/Middlewares/Third_Party/FreeRTOS/Source/queue.c.obj
 *fill*         0x08004436        0x2 
 .text.vQueueAddToRegistry
                0x08004438       0x50 cmake/stm32cubemx/CMakeFiles/FreeRTOS.dir/__/__/Middlewares/Third_Party/FreeRTOS/Source/queue.c.obj
                0x08004438                vQueueAddToRegistry
 .text.vQueueUnregisterQueue
                0x08004488       0x54 cmake/stm32cubemx/CMakeFiles/FreeRTOS.dir/__/__/Middlewares/Third_Party/FreeRTOS/Source/queue.c.obj
                0x08004488                vQueueUnregisterQueue
 .text.vQueueWaitForMessageRestricted
                0x080044dc       0x68 cmake/stm32cubemx/CMakeFiles/FreeRTOS.dir/__/__/Middlewares/Third_Party/FreeRTOS/Source/queue.c.obj
                0x080044dc                vQueueWaitForMessageRestricted
 .text.xTaskCreateStatic
                0x08004544       0xc0 cmake/stm32cubemx/CMakeFiles/FreeRTOS.dir/__/__/Middlewares/Third_Party/FreeRTOS/Source/tasks.c.obj
                0x08004544                xTaskCreateStatic
 .text.xTaskCreate
                0x08004604       0x8a cmake/stm32cubemx/CMakeFiles/FreeRTOS.dir/__/__/Middlewares/Third_Party/FreeRTOS/Source/tasks.c.obj
                0x08004604                xTaskCreate
 .text.prvInitialiseNewTask
                0x0800468e      0x120 cmake/stm32cubemx/CMakeFiles/FreeRTOS.dir/__/__/Middlewares/Third_Party/FreeRTOS/Source/tasks.c.obj
 *fill*         0x080047ae        0x2 
 .text.prvAddNewTaskToReadyList
                0x080047b0       0xe0 cmake/stm32cubemx/CMakeFiles/FreeRTOS.dir/__/__/Middlewares/Third_Party/FreeRTOS/Source/tasks.c.obj
 .text.vTaskDelay
                0x08004890       0x6c cmake/stm32cubemx/CMakeFiles/FreeRTOS.dir/__/__/Middlewares/Third_Party/FreeRTOS/Source/tasks.c.obj
                0x08004890                vTaskDelay
 .text.vTaskStartScheduler
                0x080048fc       0xd0 cmake/stm32cubemx/CMakeFiles/FreeRTOS.dir/__/__/Middlewares/Third_Party/FreeRTOS/Source/tasks.c.obj
                0x080048fc                vTaskStartScheduler
 .text.vTaskSuspendAll
                0x080049cc       0x1c cmake/stm32cubemx/CMakeFiles/FreeRTOS.dir/__/__/Middlewares/Third_Party/FreeRTOS/Source/tasks.c.obj
                0x080049cc                vTaskSuspendAll
 .text.xTaskResumeAll
                0x080049e8      0x13c cmake/stm32cubemx/CMakeFiles/FreeRTOS.dir/__/__/Middlewares/Third_Party/FreeRTOS/Source/tasks.c.obj
                0x080049e8                xTaskResumeAll
 .text.xTaskGetTickCount
                0x08004b24       0x1c cmake/stm32cubemx/CMakeFiles/FreeRTOS.dir/__/__/Middlewares/Third_Party/FreeRTOS/Source/tasks.c.obj
                0x08004b24                xTaskGetTickCount
 .text.xTaskGetTickCountFromISR
                0x08004b40       0x24 cmake/stm32cubemx/CMakeFiles/FreeRTOS.dir/__/__/Middlewares/Third_Party/FreeRTOS/Source/tasks.c.obj
                0x08004b40                xTaskGetTickCountFromISR
 .text.xTaskIncrementTick
                0x08004b64      0x174 cmake/stm32cubemx/CMakeFiles/FreeRTOS.dir/__/__/Middlewares/Third_Party/FreeRTOS/Source/tasks.c.obj
                0x08004b64                xTaskIncrementTick
 .text.vTaskSwitchContext
                0x08004cd8       0xbc cmake/stm32cubemx/CMakeFiles/FreeRTOS.dir/__/__/Middlewares/Third_Party/FreeRTOS/Source/tasks.c.obj
                0x08004cd8                vTaskSwitchContext
 .text.vTaskPlaceOnEventList
                0x08004d94       0x4c cmake/stm32cubemx/CMakeFiles/FreeRTOS.dir/__/__/Middlewares/Third_Party/FreeRTOS/Source/tasks.c.obj
                0x08004d94                vTaskPlaceOnEventList
 .text.vTaskPlaceOnEventListRestricted
                0x08004de0       0x58 cmake/stm32cubemx/CMakeFiles/FreeRTOS.dir/__/__/Middlewares/Third_Party/FreeRTOS/Source/tasks.c.obj
                0x08004de0                vTaskPlaceOnEventListRestricted
 .text.xTaskRemoveFromEventList
                0x08004e38       0xc8 cmake/stm32cubemx/CMakeFiles/FreeRTOS.dir/__/__/Middlewares/Third_Party/FreeRTOS/Source/tasks.c.obj
                0x08004e38                xTaskRemoveFromEventList
 .text.vTaskInternalSetTimeOutState
                0x08004f00       0x2c cmake/stm32cubemx/CMakeFiles/FreeRTOS.dir/__/__/Middlewares/Third_Party/FreeRTOS/Source/tasks.c.obj
                0x08004f00                vTaskInternalSetTimeOutState
 .text.xTaskCheckForTimeOut
                0x08004f2c       0xc8 cmake/stm32cubemx/CMakeFiles/FreeRTOS.dir/__/__/Middlewares/Third_Party/FreeRTOS/Source/tasks.c.obj
                0x08004f2c                xTaskCheckForTimeOut
 .text.vTaskMissedYield
                0x08004ff4       0x18 cmake/stm32cubemx/CMakeFiles/FreeRTOS.dir/__/__/Middlewares/Third_Party/FreeRTOS/Source/tasks.c.obj
                0x08004ff4                vTaskMissedYield
 .text.prvIdleTask
                0x0800500c       0x30 cmake/stm32cubemx/CMakeFiles/FreeRTOS.dir/__/__/Middlewares/Third_Party/FreeRTOS/Source/tasks.c.obj
 .text.prvInitialiseTaskLists
                0x0800503c       0x80 cmake/stm32cubemx/CMakeFiles/FreeRTOS.dir/__/__/Middlewares/Third_Party/FreeRTOS/Source/tasks.c.obj
 .text.prvCheckTasksWaitingTermination
                0x080050bc       0x5c cmake/stm32cubemx/CMakeFiles/FreeRTOS.dir/__/__/Middlewares/Third_Party/FreeRTOS/Source/tasks.c.obj
 .text.prvDeleteTCB
                0x08005118       0x60 cmake/stm32cubemx/CMakeFiles/FreeRTOS.dir/__/__/Middlewares/Third_Party/FreeRTOS/Source/tasks.c.obj
 .text.prvResetNextTaskUnblockTime
                0x08005178       0x40 cmake/stm32cubemx/CMakeFiles/FreeRTOS.dir/__/__/Middlewares/Third_Party/FreeRTOS/Source/tasks.c.obj
 .text.xTaskGetSchedulerState
                0x080051b8       0x3c cmake/stm32cubemx/CMakeFiles/FreeRTOS.dir/__/__/Middlewares/Third_Party/FreeRTOS/Source/tasks.c.obj
                0x080051b8                xTaskGetSchedulerState
 .text.xTaskPriorityInherit
                0x080051f4       0xd0 cmake/stm32cubemx/CMakeFiles/FreeRTOS.dir/__/__/Middlewares/Third_Party/FreeRTOS/Source/tasks.c.obj
                0x080051f4                xTaskPriorityInherit
 .text.xTaskPriorityDisinherit
                0x080052c4       0xe0 cmake/stm32cubemx/CMakeFiles/FreeRTOS.dir/__/__/Middlewares/Third_Party/FreeRTOS/Source/tasks.c.obj
                0x080052c4                xTaskPriorityDisinherit
 .text.vTaskPriorityDisinheritAfterTimeout
                0x080053a4      0x108 cmake/stm32cubemx/CMakeFiles/FreeRTOS.dir/__/__/Middlewares/Third_Party/FreeRTOS/Source/tasks.c.obj
                0x080053a4                vTaskPriorityDisinheritAfterTimeout
 .text.pvTaskIncrementMutexHeldCount
                0x080054ac       0x28 cmake/stm32cubemx/CMakeFiles/FreeRTOS.dir/__/__/Middlewares/Third_Party/FreeRTOS/Source/tasks.c.obj
                0x080054ac                pvTaskIncrementMutexHeldCount
 .text.prvAddCurrentTaskToDelayedList
                0x080054d4       0xa8 cmake/stm32cubemx/CMakeFiles/FreeRTOS.dir/__/__/Middlewares/Third_Party/FreeRTOS/Source/tasks.c.obj
 .text.xTimerCreateTimerTask
                0x0800557c       0x94 cmake/stm32cubemx/CMakeFiles/FreeRTOS.dir/__/__/Middlewares/Third_Party/FreeRTOS/Source/timers.c.obj
                0x0800557c                xTimerCreateTimerTask
 .text.xTimerGenericCommand
                0x08005610       0x9c cmake/stm32cubemx/CMakeFiles/FreeRTOS.dir/__/__/Middlewares/Third_Party/FreeRTOS/Source/timers.c.obj
                0x08005610                xTimerGenericCommand
 .text.prvProcessExpiredTimer
                0x080056ac       0x9c cmake/stm32cubemx/CMakeFiles/FreeRTOS.dir/__/__/Middlewares/Third_Party/FreeRTOS/Source/timers.c.obj
 .text.prvTimerTask
                0x08005748       0x26 cmake/stm32cubemx/CMakeFiles/FreeRTOS.dir/__/__/Middlewares/Third_Party/FreeRTOS/Source/timers.c.obj
 *fill*         0x0800576e        0x2 
 .text.prvProcessTimerOrBlockTask
                0x08005770       0x9c cmake/stm32cubemx/CMakeFiles/FreeRTOS.dir/__/__/Middlewares/Third_Party/FreeRTOS/Source/timers.c.obj
 .text.prvGetNextExpireTime
                0x0800580c       0x44 cmake/stm32cubemx/CMakeFiles/FreeRTOS.dir/__/__/Middlewares/Third_Party/FreeRTOS/Source/timers.c.obj
 .text.prvSampleTimeNow
                0x08005850       0x40 cmake/stm32cubemx/CMakeFiles/FreeRTOS.dir/__/__/Middlewares/Third_Party/FreeRTOS/Source/timers.c.obj
 .text.prvInsertTimerInActiveList
                0x08005890       0x84 cmake/stm32cubemx/CMakeFiles/FreeRTOS.dir/__/__/Middlewares/Third_Party/FreeRTOS/Source/timers.c.obj
 .text.prvProcessReceivedCommands
                0x08005914      0x1cc cmake/stm32cubemx/CMakeFiles/FreeRTOS.dir/__/__/Middlewares/Third_Party/FreeRTOS/Source/timers.c.obj
 .text.prvSwitchTimerLists
                0x08005ae0       0xcc cmake/stm32cubemx/CMakeFiles/FreeRTOS.dir/__/__/Middlewares/Third_Party/FreeRTOS/Source/timers.c.obj
 .text.prvCheckForValidListAndQueue
                0x08005bac       0x80 cmake/stm32cubemx/CMakeFiles/FreeRTOS.dir/__/__/Middlewares/Third_Party/FreeRTOS/Source/timers.c.obj
 .text.__NVIC_SetPriority
                0x08005c2c       0x54 cmake/stm32cubemx/CMakeFiles/FreeRTOS.dir/__/__/Middlewares/Third_Party/FreeRTOS/Source/CMSIS_RTOS_V2/cmsis_os2.c.obj
 .text.SysTick_Handler
                0x08005c80       0x20 cmake/stm32cubemx/CMakeFiles/FreeRTOS.dir/__/__/Middlewares/Third_Party/FreeRTOS/Source/CMSIS_RTOS_V2/cmsis_os2.c.obj
                0x08005c80                SysTick_Handler
 .text.SVC_Setup
                0x08005ca0       0x12 cmake/stm32cubemx/CMakeFiles/FreeRTOS.dir/__/__/Middlewares/Third_Party/FreeRTOS/Source/CMSIS_RTOS_V2/cmsis_os2.c.obj
 *fill*         0x08005cb2        0x2 
 .text.osKernelInitialize
                0x08005cb4       0x44 cmake/stm32cubemx/CMakeFiles/FreeRTOS.dir/__/__/Middlewares/Third_Party/FreeRTOS/Source/CMSIS_RTOS_V2/cmsis_os2.c.obj
                0x08005cb4                osKernelInitialize
 .text.osKernelStart
                0x08005cf8       0x4c cmake/stm32cubemx/CMakeFiles/FreeRTOS.dir/__/__/Middlewares/Third_Party/FreeRTOS/Source/CMSIS_RTOS_V2/cmsis_os2.c.obj
                0x08005cf8                osKernelStart
 .text.osKernelGetTickCount
                0x08005d44       0x2a cmake/stm32cubemx/CMakeFiles/FreeRTOS.dir/__/__/Middlewares/Third_Party/FreeRTOS/Source/CMSIS_RTOS_V2/cmsis_os2.c.obj
                0x08005d44                osKernelGetTickCount
 .text.osThreadNew
                0x08005d6e      0x124 cmake/stm32cubemx/CMakeFiles/FreeRTOS.dir/__/__/Middlewares/Third_Party/FreeRTOS/Source/CMSIS_RTOS_V2/cmsis_os2.c.obj
                0x08005d6e                osThreadNew
 .text.osDelay  0x08005e92       0x36 cmake/stm32cubemx/CMakeFiles/FreeRTOS.dir/__/__/Middlewares/Third_Party/FreeRTOS/Source/CMSIS_RTOS_V2/cmsis_os2.c.obj
                0x08005e92                osDelay
 .text.osSemaphoreNew
                0x08005ec8      0x112 cmake/stm32cubemx/CMakeFiles/FreeRTOS.dir/__/__/Middlewares/Third_Party/FreeRTOS/Source/CMSIS_RTOS_V2/cmsis_os2.c.obj
                0x08005ec8                osSemaphoreNew
 *fill*         0x08005fda        0x2 
 .text.osSemaphoreAcquire
                0x08005fdc       0xa4 cmake/stm32cubemx/CMakeFiles/FreeRTOS.dir/__/__/Middlewares/Third_Party/FreeRTOS/Source/CMSIS_RTOS_V2/cmsis_os2.c.obj
                0x08005fdc                osSemaphoreAcquire
 .text.osSemaphoreRelease
                0x08006080       0x88 cmake/stm32cubemx/CMakeFiles/FreeRTOS.dir/__/__/Middlewares/Third_Party/FreeRTOS/Source/CMSIS_RTOS_V2/cmsis_os2.c.obj
                0x08006080                osSemaphoreRelease
 .text.osMessageQueueNew
                0x08006108       0xe6 cmake/stm32cubemx/CMakeFiles/FreeRTOS.dir/__/__/Middlewares/Third_Party/FreeRTOS/Source/CMSIS_RTOS_V2/cmsis_os2.c.obj
                0x08006108                osMessageQueueNew
 *fill*         0x080061ee        0x2 
 .text.osMessageQueuePut
                0x080061f0       0xc0 cmake/stm32cubemx/CMakeFiles/FreeRTOS.dir/__/__/Middlewares/Third_Party/FreeRTOS/Source/CMSIS_RTOS_V2/cmsis_os2.c.obj
                0x080061f0                osMessageQueuePut
 .text.osMessageQueueGet
                0x080062b0       0xbc cmake/stm32cubemx/CMakeFiles/FreeRTOS.dir/__/__/Middlewares/Third_Party/FreeRTOS/Source/CMSIS_RTOS_V2/cmsis_os2.c.obj
                0x080062b0                osMessageQueueGet
 .text.vApplicationGetIdleTaskMemory
                0x0800636c       0x30 cmake/stm32cubemx/CMakeFiles/FreeRTOS.dir/__/__/Middlewares/Third_Party/FreeRTOS/Source/CMSIS_RTOS_V2/cmsis_os2.c.obj
                0x0800636c                vApplicationGetIdleTaskMemory
 .text.vApplicationGetTimerTaskMemory
                0x0800639c       0x30 cmake/stm32cubemx/CMakeFiles/FreeRTOS.dir/__/__/Middlewares/Third_Party/FreeRTOS/Source/CMSIS_RTOS_V2/cmsis_os2.c.obj
                0x0800639c                vApplicationGetTimerTaskMemory
 .text.pvPortMalloc
                0x080063cc      0x19c cmake/stm32cubemx/CMakeFiles/FreeRTOS.dir/__/__/Middlewares/Third_Party/FreeRTOS/Source/portable/MemMang/heap_4.c.obj
                0x080063cc                pvPortMalloc
 .text.vPortFree
                0x08006568       0xc8 cmake/stm32cubemx/CMakeFiles/FreeRTOS.dir/__/__/Middlewares/Third_Party/FreeRTOS/Source/portable/MemMang/heap_4.c.obj
                0x08006568                vPortFree
 .text.prvHeapInit
                0x08006630       0xc4 cmake/stm32cubemx/CMakeFiles/FreeRTOS.dir/__/__/Middlewares/Third_Party/FreeRTOS/Source/portable/MemMang/heap_4.c.obj
 .text.prvInsertBlockIntoFreeList
                0x080066f4       0xb0 cmake/stm32cubemx/CMakeFiles/FreeRTOS.dir/__/__/Middlewares/Third_Party/FreeRTOS/Source/portable/MemMang/heap_4.c.obj
 .text.pxPortInitialiseStack
                0x080067a4       0x58 cmake/stm32cubemx/CMakeFiles/FreeRTOS.dir/__/__/Middlewares/Third_Party/FreeRTOS/Source/portable/GCC/ARM_CM3/port.c.obj
                0x080067a4                pxPortInitialiseStack
 .text.prvTaskExitError
                0x080067fc       0x58 cmake/stm32cubemx/CMakeFiles/FreeRTOS.dir/__/__/Middlewares/Third_Party/FreeRTOS/Source/portable/GCC/ARM_CM3/port.c.obj
 *fill*         0x08006854        0xc 
 .text.SVC_Handler
                0x08006860       0x28 cmake/stm32cubemx/CMakeFiles/FreeRTOS.dir/__/__/Middlewares/Third_Party/FreeRTOS/Source/portable/GCC/ARM_CM3/port.c.obj
                0x08006860                SVC_Handler
 .text.prvPortStartFirstTask
                0x08006888       0x20 cmake/stm32cubemx/CMakeFiles/FreeRTOS.dir/__/__/Middlewares/Third_Party/FreeRTOS/Source/portable/GCC/ARM_CM3/port.c.obj
 .text.xPortStartScheduler
                0x080068a8       0xe4 cmake/stm32cubemx/CMakeFiles/FreeRTOS.dir/__/__/Middlewares/Third_Party/FreeRTOS/Source/portable/GCC/ARM_CM3/port.c.obj
                0x080068a8                xPortStartScheduler
 .text.vPortEnterCritical
                0x0800698c       0x60 cmake/stm32cubemx/CMakeFiles/FreeRTOS.dir/__/__/Middlewares/Third_Party/FreeRTOS/Source/portable/GCC/ARM_CM3/port.c.obj
                0x0800698c                vPortEnterCritical
 .text.vPortExitCritical
                0x080069ec       0x54 cmake/stm32cubemx/CMakeFiles/FreeRTOS.dir/__/__/Middlewares/Third_Party/FreeRTOS/Source/portable/GCC/ARM_CM3/port.c.obj
                0x080069ec                vPortExitCritical
 .text.PendSV_Handler
                0x08006a40       0x48 cmake/stm32cubemx/CMakeFiles/FreeRTOS.dir/__/__/Middlewares/Third_Party/FreeRTOS/Source/portable/GCC/ARM_CM3/port.c.obj
                0x08006a40                PendSV_Handler
 .text.xPortSysTickHandler
                0x08006a88       0x44 cmake/stm32cubemx/CMakeFiles/FreeRTOS.dir/__/__/Middlewares/Third_Party/FreeRTOS/Source/portable/GCC/ARM_CM3/port.c.obj
                0x08006a88                xPortSysTickHandler
 .text.vPortSetupTimerInterrupt
                0x08006acc       0x44 cmake/stm32cubemx/CMakeFiles/FreeRTOS.dir/__/__/Middlewares/Third_Party/FreeRTOS/Source/portable/GCC/ARM_CM3/port.c.obj
                0x08006acc                vPortSetupTimerInterrupt
 .text.vPortValidateInterruptPriority
                0x08006b10       0x80 cmake/stm32cubemx/CMakeFiles/FreeRTOS.dir/__/__/Middlewares/Third_Party/FreeRTOS/Source/portable/GCC/ARM_CM3/port.c.obj
                0x08006b10                vPortValidateInterruptPriority
 .text.main     0x08006b90       0x2c CMakeFiles/RemoteControl.dir/Core/Src/main.c.obj
                0x08006b90                main
 .text.SystemClock_Config
                0x08006bbc       0x8a CMakeFiles/RemoteControl.dir/Core/Src/main.c.obj
                0x08006bbc                SystemClock_Config
 *fill*         0x08006c46        0x2 
 .text.HAL_TIM_PeriodElapsedCallback
                0x08006c48       0x24 CMakeFiles/RemoteControl.dir/Core/Src/main.c.obj
                0x08006c48                HAL_TIM_PeriodElapsedCallback
 .text.Error_Handler
                0x08006c6c        0xc CMakeFiles/RemoteControl.dir/Core/Src/main.c.obj
                0x08006c6c                Error_Handler
 .text.MX_GPIO_Init
                0x08006c78      0x114 CMakeFiles/RemoteControl.dir/Core/Src/gpio.c.obj
                0x08006c78                MX_GPIO_Init
 .text.MX_FREERTOS_Init
                0x08006d8c      0x12c CMakeFiles/RemoteControl.dir/Core/Src/freertos.c.obj
                0x08006d8c                MX_FREERTOS_Init
 .text.StartDefaultTask
                0x08006eb8       0x10 CMakeFiles/RemoteControl.dir/Core/Src/freertos.c.obj
                0x08006eb8                StartDefaultTask
 .text.MX_DMA_Init
                0x08006ec8       0x4c CMakeFiles/RemoteControl.dir/Core/Src/dma.c.obj
                0x08006ec8                MX_DMA_Init
 .text.MX_I2C1_Init
                0x08006f14       0x5c CMakeFiles/RemoteControl.dir/Core/Src/i2c.c.obj
                0x08006f14                MX_I2C1_Init
 .text.HAL_I2C_MspInit
                0x08006f70       0x7c CMakeFiles/RemoteControl.dir/Core/Src/i2c.c.obj
                0x08006f70                HAL_I2C_MspInit
 .text.MX_USART1_UART_Init
                0x08006fec       0x54 CMakeFiles/RemoteControl.dir/Core/Src/usart.c.obj
                0x08006fec                MX_USART1_UART_Init
 .text.HAL_UART_MspInit
                0x08007040      0x154 CMakeFiles/RemoteControl.dir/Core/Src/usart.c.obj
                0x08007040                HAL_UART_MspInit
 .text.NMI_Handler
                0x08007194        0x8 CMakeFiles/RemoteControl.dir/Core/Src/stm32f1xx_it.c.obj
                0x08007194                NMI_Handler
 .text.HardFault_Handler
                0x0800719c        0x8 CMakeFiles/RemoteControl.dir/Core/Src/stm32f1xx_it.c.obj
                0x0800719c                HardFault_Handler
 .text.MemManage_Handler
                0x080071a4        0x8 CMakeFiles/RemoteControl.dir/Core/Src/stm32f1xx_it.c.obj
                0x080071a4                MemManage_Handler
 .text.BusFault_Handler
                0x080071ac        0x8 CMakeFiles/RemoteControl.dir/Core/Src/stm32f1xx_it.c.obj
                0x080071ac                BusFault_Handler
 .text.UsageFault_Handler
                0x080071b4        0x8 CMakeFiles/RemoteControl.dir/Core/Src/stm32f1xx_it.c.obj
                0x080071b4                UsageFault_Handler
 .text.DebugMon_Handler
                0x080071bc        0xc CMakeFiles/RemoteControl.dir/Core/Src/stm32f1xx_it.c.obj
                0x080071bc                DebugMon_Handler
 .text.DMA1_Channel4_IRQHandler
                0x080071c8       0x14 CMakeFiles/RemoteControl.dir/Core/Src/stm32f1xx_it.c.obj
                0x080071c8                DMA1_Channel4_IRQHandler
 .text.DMA1_Channel5_IRQHandler
                0x080071dc       0x14 CMakeFiles/RemoteControl.dir/Core/Src/stm32f1xx_it.c.obj
                0x080071dc                DMA1_Channel5_IRQHandler
 .text.TIM4_IRQHandler
                0x080071f0       0x14 CMakeFiles/RemoteControl.dir/Core/Src/stm32f1xx_it.c.obj
                0x080071f0                TIM4_IRQHandler
 .text.USART1_IRQHandler
                0x08007204       0x14 CMakeFiles/RemoteControl.dir/Core/Src/stm32f1xx_it.c.obj
                0x08007204                USART1_IRQHandler
 .text.HAL_MspInit
                0x08007218       0x70 CMakeFiles/RemoteControl.dir/Core/Src/stm32f1xx_hal_msp.c.obj
                0x08007218                HAL_MspInit
 .text.HAL_InitTick
                0x08007288       0xfc CMakeFiles/RemoteControl.dir/Core/Src/stm32f1xx_hal_timebase_tim.c.obj
                0x08007288                HAL_InitTick
 .text.Reset_Handler
                0x08007384       0x48 CMakeFiles/RemoteControl.dir/startup_stm32f103xb.s.obj
                0x08007384                Reset_Handler
 .text.Default_Handler
                0x080073cc        0x2 CMakeFiles/RemoteControl.dir/startup_stm32f103xb.s.obj
                0x080073cc                RTC_Alarm_IRQHandler
                0x080073cc                EXTI2_IRQHandler
                0x080073cc                TIM1_CC_IRQHandler
                0x080073cc                PVD_IRQHandler
                0x080073cc                EXTI3_IRQHandler
                0x080073cc                EXTI0_IRQHandler
                0x080073cc                I2C2_EV_IRQHandler
                0x080073cc                ADC1_2_IRQHandler
                0x080073cc                SPI1_IRQHandler
                0x080073cc                TAMPER_IRQHandler
                0x080073cc                USART3_IRQHandler
                0x080073cc                RTC_IRQHandler
                0x080073cc                DMA1_Channel7_IRQHandler
                0x080073cc                CAN1_RX1_IRQHandler
                0x080073cc                I2C1_EV_IRQHandler
                0x080073cc                DMA1_Channel6_IRQHandler
                0x080073cc                TIM3_IRQHandler
                0x080073cc                RCC_IRQHandler
                0x080073cc                TIM1_TRG_COM_IRQHandler
                0x080073cc                DMA1_Channel1_IRQHandler
                0x080073cc                Default_Handler
                0x080073cc                EXTI15_10_IRQHandler
                0x080073cc                EXTI9_5_IRQHandler
                0x080073cc                SPI2_IRQHandler
                0x080073cc                EXTI4_IRQHandler
                0x080073cc                USB_LP_CAN1_RX0_IRQHandler
                0x080073cc                USB_HP_CAN1_TX_IRQHandler
                0x080073cc                DMA1_Channel3_IRQHandler
                0x080073cc                TIM1_UP_IRQHandler
                0x080073cc                WWDG_IRQHandler
                0x080073cc                TIM2_IRQHandler
                0x080073cc                TIM1_BRK_IRQHandler
                0x080073cc                EXTI1_IRQHandler
                0x080073cc                USART2_IRQHandler
                0x080073cc                I2C2_ER_IRQHandler
                0x080073cc                DMA1_Channel2_IRQHandler
                0x080073cc                CAN1_SCE_IRQHandler
                0x080073cc                FLASH_IRQHandler
                0x080073cc                I2C1_ER_IRQHandler
                0x080073cc                USBWakeUp_IRQHandler
 *fill*         0x080073ce        0x2 
 .text.app_rx_pool_free
                0x080073d0       0x40 CMakeFiles/RemoteControl.dir/User/APP/APP_Uart/app_uart.c.obj
 .text.app_rx_pool_write
                0x08007410       0x9c CMakeFiles/RemoteControl.dir/User/APP/APP_Uart/app_uart.c.obj
 .text.app_rx_pool_read
                0x080074ac       0x64 CMakeFiles/RemoteControl.dir/User/APP/APP_Uart/app_uart.c.obj
 .text.app_rx_pool_advance
                0x08007510       0x2c CMakeFiles/RemoteControl.dir/User/APP/APP_Uart/app_uart.c.obj
 .text.rx_desc_push
                0x0800753c       0x78 CMakeFiles/RemoteControl.dir/User/APP/APP_Uart/app_uart.c.obj
 .text.rx_desc_pop
                0x080075b4       0x78 CMakeFiles/RemoteControl.dir/User/APP/APP_Uart/app_uart.c.obj
 .text.app_find_port
                0x0800762c       0x5c CMakeFiles/RemoteControl.dir/User/APP/APP_Uart/app_uart.c.obj
 .text.app_port_index
                0x08007688       0x50 CMakeFiles/RemoteControl.dir/User/APP/APP_Uart/app_uart.c.obj
 .text.app_is_timeout
                0x080076d8       0x24 CMakeFiles/RemoteControl.dir/User/APP/APP_Uart/app_uart.c.obj
 .text.app_read_dma_data
                0x080076fc       0xe0 CMakeFiles/RemoteControl.dir/User/APP/APP_Uart/app_uart.c.obj
 .text.APP_UART_Init
                0x080077dc       0xd4 CMakeFiles/RemoteControl.dir/User/APP/APP_Uart/app_uart.c.obj
                0x080077dc                APP_UART_Init
 .text.APP_UART_ProcessRxData
                0x080078b0      0x214 CMakeFiles/RemoteControl.dir/User/APP/APP_Uart/app_uart.c.obj
                0x080078b0                APP_UART_ProcessRxData
 .text.APP_UART_SendRxPacket
                0x08007ac4       0x7a CMakeFiles/RemoteControl.dir/User/APP/APP_Uart/app_uart.c.obj
                0x08007ac4                APP_UART_SendRxPacket
 *fill*         0x08007b3e        0x2 
 .text.on_uart_tx_complete
                0x08007b40       0xd0 CMakeFiles/RemoteControl.dir/User/APP/APP_Uart/app_uart.c.obj
 .text.app_dual_try_send
                0x08007c10       0xc0 CMakeFiles/RemoteControl.dir/User/APP/APP_Uart/app_uart.c.obj
 .text.APP_UART_OnTxComplete
                0x08007cd0       0x7c CMakeFiles/RemoteControl.dir/User/APP/APP_Uart/app_uart.c.obj
                0x08007cd0                APP_UART_OnTxComplete
 .text.APP_UART_TrySendDual
                0x08007d4c       0x54 CMakeFiles/RemoteControl.dir/User/APP/APP_Uart/app_uart.c.obj
                0x08007d4c                APP_UART_TrySendDual
 .text.APP_UART_BuildTxPacket
                0x08007da0      0x14c CMakeFiles/RemoteControl.dir/User/APP/APP_Uart/app_uart.c.obj
                0x08007da0                APP_UART_BuildTxPacket
 .text.APP_UART_AA
                0x08007eec       0x1a CMakeFiles/RemoteControl.dir/User/APP/APP_Uart/app_uart_cmd.c.obj
 .text.APP_UART_A9
                0x08007f06       0x1a CMakeFiles/RemoteControl.dir/User/APP/APP_Uart/app_uart_cmd.c.obj
 .text.APP_UART_A8
                0x08007f20       0x1a CMakeFiles/RemoteControl.dir/User/APP/APP_Uart/app_uart_cmd.c.obj
 *fill*         0x08007f3a        0x2 
 .text.APP_UART_Cmd
                0x08007f3c       0x50 CMakeFiles/RemoteControl.dir/User/APP/APP_Uart/app_uart_cmd.c.obj
                0x08007f3c                APP_UART_Cmd
 .text.App_Key_GetById
                0x08007f8c       0x58 CMakeFiles/RemoteControl.dir/User/APP/APP_Key/app_key.c.obj
 .text.App_Key_DebounceUpdate
                0x08007fe4      0x156 CMakeFiles/RemoteControl.dir/User/APP/APP_Key/app_key.c.obj
 *fill*         0x0800813a        0x2 
 .text.App_Key_SendEvent
                0x0800813c       0x48 CMakeFiles/RemoteControl.dir/User/APP/APP_Key/app_key.c.obj
 .text.App_Key_Init
                0x08008184       0x20 CMakeFiles/RemoteControl.dir/User/APP/APP_Key/app_key.c.obj
                0x08008184                App_Key_Init
 .text.App_Key_Register
                0x080081a4       0xd8 CMakeFiles/RemoteControl.dir/User/APP/APP_Key/app_key.c.obj
                0x080081a4                App_Key_Register
 .text.App_Key_Update
                0x0800827c       0x6c CMakeFiles/RemoteControl.dir/User/APP/APP_Key/app_key.c.obj
                0x0800827c                App_Key_Update
 .text.Key1_OnDown
                0x080082e8       0x14 CMakeFiles/RemoteControl.dir/User/APP/APP_Key/app_key_cmd.c.obj
 .text.Key1_OnClick
                0x080082fc        0xc CMakeFiles/RemoteControl.dir/User/APP/APP_Key/app_key_cmd.c.obj
 .text.Key1_OnLong
                0x08008308        0xc CMakeFiles/RemoteControl.dir/User/APP/APP_Key/app_key_cmd.c.obj
 .text.Key1_OnLongUp
                0x08008314       0x10 CMakeFiles/RemoteControl.dir/User/APP/APP_Key/app_key_cmd.c.obj
 .text.Key2_OnDown
                0x08008324        0xe CMakeFiles/RemoteControl.dir/User/APP/APP_Key/app_key_cmd.c.obj
 .text.Key2_OnClick
                0x08008332        0xc CMakeFiles/RemoteControl.dir/User/APP/APP_Key/app_key_cmd.c.obj
 .text.Key2_OnLong
                0x0800833e        0xc CMakeFiles/RemoteControl.dir/User/APP/APP_Key/app_key_cmd.c.obj
 .text.Key2_OnLongUp
                0x0800834a       0x10 CMakeFiles/RemoteControl.dir/User/APP/APP_Key/app_key_cmd.c.obj
 .text.Key3_OnDown
                0x0800835a        0xe CMakeFiles/RemoteControl.dir/User/APP/APP_Key/app_key_cmd.c.obj
 .text.Key3_OnClick
                0x08008368        0xc CMakeFiles/RemoteControl.dir/User/APP/APP_Key/app_key_cmd.c.obj
 .text.Key3_OnLong
                0x08008374        0xc CMakeFiles/RemoteControl.dir/User/APP/APP_Key/app_key_cmd.c.obj
 .text.Key3_OnLongUp
                0x08008380       0x10 CMakeFiles/RemoteControl.dir/User/APP/APP_Key/app_key_cmd.c.obj
 .text.Key4_OnDown
                0x08008390        0xe CMakeFiles/RemoteControl.dir/User/APP/APP_Key/app_key_cmd.c.obj
 .text.Key4_OnClick
                0x0800839e        0xc CMakeFiles/RemoteControl.dir/User/APP/APP_Key/app_key_cmd.c.obj
 .text.Key4_OnLong
                0x080083aa        0xc CMakeFiles/RemoteControl.dir/User/APP/APP_Key/app_key_cmd.c.obj
 .text.Key4_OnLongUp
                0x080083b6       0x10 CMakeFiles/RemoteControl.dir/User/APP/APP_Key/app_key_cmd.c.obj
 .text.Key5_OnDown
                0x080083c6        0xe CMakeFiles/RemoteControl.dir/User/APP/APP_Key/app_key_cmd.c.obj
 .text.Key5_OnClick
                0x080083d4        0xc CMakeFiles/RemoteControl.dir/User/APP/APP_Key/app_key_cmd.c.obj
 .text.Key5_OnLong
                0x080083e0        0xc CMakeFiles/RemoteControl.dir/User/APP/APP_Key/app_key_cmd.c.obj
 .text.Key5_OnLongUp
                0x080083ec       0x10 CMakeFiles/RemoteControl.dir/User/APP/APP_Key/app_key_cmd.c.obj
 .text.Key6_OnDown
                0x080083fc        0xe CMakeFiles/RemoteControl.dir/User/APP/APP_Key/app_key_cmd.c.obj
 .text.Key6_OnClick
                0x0800840a        0xc CMakeFiles/RemoteControl.dir/User/APP/APP_Key/app_key_cmd.c.obj
 .text.Key6_OnLong
                0x08008416        0xc CMakeFiles/RemoteControl.dir/User/APP/APP_Key/app_key_cmd.c.obj
 .text.Key6_OnLongUp
                0x08008422       0x10 CMakeFiles/RemoteControl.dir/User/APP/APP_Key/app_key_cmd.c.obj
 *fill*         0x08008432        0x2 
 .text.App_Key_CMD_Packet
                0x08008434       0x58 CMakeFiles/RemoteControl.dir/User/APP/APP_Key/app_key_cmd.c.obj
                0x08008434                App_Key_CMD_Packet
 .text.BSP_GPIO_FindMap
                0x0800848c       0x54 CMakeFiles/RemoteControl.dir/User/BSP/BSP_GPIO/bsp_gpio.c.obj
 .text.BSP_GPIO_Init
                0x080084e0        0xc CMakeFiles/RemoteControl.dir/User/BSP/BSP_GPIO/bsp_gpio.c.obj
                0x080084e0                BSP_GPIO_Init
 .text.BSP_GPIO_ReadLevel
                0x080084ec       0x40 CMakeFiles/RemoteControl.dir/User/BSP/BSP_GPIO/bsp_gpio.c.obj
                0x080084ec                BSP_GPIO_ReadLevel
 .text.BSP_GPIO_SetLevel
                0x0800852c       0x50 CMakeFiles/RemoteControl.dir/User/BSP/BSP_GPIO/bsp_gpio.c.obj
                0x0800852c                BSP_GPIO_SetLevel
 .text.BSP_GPIO_Toggle
                0x0800857c       0x40 CMakeFiles/RemoteControl.dir/User/BSP/BSP_GPIO/bsp_gpio.c.obj
                0x0800857c                BSP_GPIO_Toggle
 .text.BSP_UART_FindMap
                0x080085bc       0x44 CMakeFiles/RemoteControl.dir/User/BSP/BSP_Uart/bsp_uart.c.obj
 .text.BSP_UART_FindByHuart
                0x08008600       0x44 CMakeFiles/RemoteControl.dir/User/BSP/BSP_Uart/bsp_uart.c.obj
 .text.BSP_UART_Init
                0x08008644       0x24 CMakeFiles/RemoteControl.dir/User/BSP/BSP_Uart/bsp_uart.c.obj
                0x08008644                BSP_UART_Init
 .text.BSP_UART_GetIdByHuart
                0x08008668       0x26 CMakeFiles/RemoteControl.dir/User/BSP/BSP_Uart/bsp_uart.c.obj
                0x08008668                BSP_UART_GetIdByHuart
 *fill*         0x0800868e        0x2 
 .text.BSP_UART_ConfigDMARx
                0x08008690       0xa4 CMakeFiles/RemoteControl.dir/User/BSP/BSP_Uart/bsp_uart.c.obj
                0x08008690                BSP_UART_ConfigDMARx
 .text.BSP_UART_GetDMAPos
                0x08008734       0x64 CMakeFiles/RemoteControl.dir/User/BSP/BSP_Uart/bsp_uart.c.obj
                0x08008734                BSP_UART_GetDMAPos
 .text.BSP_UART_SetTxCpltFn
                0x08008798       0x1c CMakeFiles/RemoteControl.dir/User/BSP/BSP_Uart/bsp_uart.c.obj
                0x08008798                BSP_UART_SetTxCpltFn
 .text.BSP_UART_SendDMA
                0x080087b4       0x60 CMakeFiles/RemoteControl.dir/User/BSP/BSP_Uart/bsp_uart.c.obj
                0x080087b4                BSP_UART_SendDMA
 .text.BSP_UART_OnRxEvent
                0x08008814       0x38 CMakeFiles/RemoteControl.dir/User/BSP/BSP_Uart/bsp_uart.c.obj
 .text.HAL_UARTEx_RxEventCallback
                0x0800884c       0x1a CMakeFiles/RemoteControl.dir/User/BSP/BSP_Uart/bsp_uart.c.obj
                0x0800884c                HAL_UARTEx_RxEventCallback
 .text.HAL_UART_RxHalfCpltCallback
                0x08008866       0x16 CMakeFiles/RemoteControl.dir/User/BSP/BSP_Uart/bsp_uart.c.obj
                0x08008866                HAL_UART_RxHalfCpltCallback
 .text.HAL_UART_RxCpltCallback
                0x0800887c       0x16 CMakeFiles/RemoteControl.dir/User/BSP/BSP_Uart/bsp_uart.c.obj
                0x0800887c                HAL_UART_RxCpltCallback
 *fill*         0x08008892        0x2 
 .text.HAL_UART_TxCpltCallback
                0x08008894       0x58 CMakeFiles/RemoteControl.dir/User/BSP/BSP_Uart/bsp_uart.c.obj
                0x08008894                HAL_UART_TxCpltCallback
 .text.Codec_ParseRxPacket
                0x080088ec      0x14c CMakeFiles/RemoteControl.dir/User/Middlewares/Codec/codec.c.obj
                0x080088ec                Codec_ParseRxPacket
 .text.Codec_BuildTxPacket
                0x08008a38      0x106 CMakeFiles/RemoteControl.dir/User/Middlewares/Codec/codec.c.obj
                0x08008a38                Codec_BuildTxPacket
 *fill*         0x08008b3e        0x2 
 .text.Task_UART_RX
                0x08008b40       0x3c CMakeFiles/RemoteControl.dir/User/TASK/task_uart_rx.c.obj
                0x08008b40                Task_UART_RX
 .text.Task_UART_RX_CMD
                0x08008b7c       0x44 CMakeFiles/RemoteControl.dir/User/TASK/task_uart_rx_cmd.c.obj
                0x08008b7c                Task_UART_RX_CMD
 .text.Task_UART_TX
                0x08008bc0       0x3c CMakeFiles/RemoteControl.dir/User/TASK/task_uart_tx.c.obj
                0x08008bc0                Task_UART_TX
 .text.Task_KEY_Debounce
                0x08008bfc       0x88 CMakeFiles/RemoteControl.dir/User/TASK/task_key_debounce.c.obj
                0x08008bfc                Task_KEY_Debounce
 .text.TASK_KEY_CMD
                0x08008c84       0x38 CMakeFiles/RemoteControl.dir/User/TASK/task_key_cmd.c.obj
                0x08008c84                TASK_KEY_CMD
 .text.Task_OLED
                0x08008cbc       0x1e CMakeFiles/RemoteControl.dir/User/TASK/task_oled.c.obj
                0x08008cbc                Task_OLED
 *fill*         0x08008cda        0x2 
 .text.OLED_Send
                0x08008cdc       0x2c CMakeFiles/RemoteControl.dir/User/Third_Party/OLED/oled.c.obj
                0x08008cdc                OLED_Send
 .text.OLED_SendCmd
                0x08008d08       0x24 CMakeFiles/RemoteControl.dir/User/Third_Party/OLED/oled.c.obj
                0x08008d08                OLED_SendCmd
 .text.OLED_Init
                0x08008d2c       0xb8 CMakeFiles/RemoteControl.dir/User/Third_Party/OLED/oled.c.obj
                0x08008d2c                OLED_Init
 .text.OLED_NewFrame
                0x08008de4       0x18 CMakeFiles/RemoteControl.dir/User/Third_Party/OLED/oled.c.obj
                0x08008de4                OLED_NewFrame
 .text.OLED_ShowFrame
                0x08008dfc       0x68 CMakeFiles/RemoteControl.dir/User/Third_Party/OLED/oled.c.obj
                0x08008dfc                OLED_ShowFrame
 .text.OLED_SetPixel
                0x08008e64       0xb0 CMakeFiles/RemoteControl.dir/User/Third_Party/OLED/oled.c.obj
                0x08008e64                OLED_SetPixel
 .text.OLED_SetByte_Fine
                0x08008f14       0xf8 CMakeFiles/RemoteControl.dir/User/Third_Party/OLED/oled.c.obj
                0x08008f14                OLED_SetByte_Fine
 .text.OLED_SetBits_Fine
                0x0800900c       0xbe CMakeFiles/RemoteControl.dir/User/Third_Party/OLED/oled.c.obj
                0x0800900c                OLED_SetBits_Fine
 .text.OLED_SetBits
                0x080090ca       0x82 CMakeFiles/RemoteControl.dir/User/Third_Party/OLED/oled.c.obj
                0x080090ca                OLED_SetBits
 .text.OLED_SetBlock
                0x0800914c       0xe2 CMakeFiles/RemoteControl.dir/User/Third_Party/OLED/oled.c.obj
                0x0800914c                OLED_SetBlock
 .text.OLED_PrintASCIIChar
                0x0800922e       0x5e CMakeFiles/RemoteControl.dir/User/Third_Party/OLED/oled.c.obj
                0x0800922e                OLED_PrintASCIIChar
 .text.OLED_PrintASCIIString
                0x0800928c       0x4e CMakeFiles/RemoteControl.dir/User/Third_Party/OLED/oled.c.obj
                0x0800928c                OLED_PrintASCIIString
 *fill*         0x080092da        0x2 
 .text.OLED_PrintDecimal
                0x080092dc      0x15c CMakeFiles/RemoteControl.dir/User/Third_Party/OLED/oled_extend.c.obj
                0x080092dc                OLED_PrintDecimal
 .text.OLED_UI_FpsInit
                0x08009438       0x28 CMakeFiles/RemoteControl.dir/User/Third_Party/OLED/oled_ui.c.obj
                0x08009438                OLED_UI_FpsInit
 .text.OLED_UI_FpsTick
                0x08009460      0x11c CMakeFiles/RemoteControl.dir/User/Third_Party/OLED/oled_ui.c.obj
                0x08009460                OLED_UI_FpsTick
 .text.memmove  0x0800957c       0x32 C:/Users/g_aa2/AppData/Local/stm32cube/bundles/gnu-tools-for-stm32/14.3.1+st.2/bin/../lib/gcc/arm-none-eabi/14.3.1/../../../../arm-none-eabi/lib/thumb/v7-m/nofp\libg_nano.a(libc_a-memmove.o)
                0x0800957c                memmove
 .text.memset   0x080095ae       0x10 C:/Users/g_aa2/AppData/Local/stm32cube/bundles/gnu-tools-for-stm32/14.3.1+st.2/bin/../lib/gcc/arm-none-eabi/14.3.1/../../../../arm-none-eabi/lib/thumb/v7-m/nofp\libg_nano.a(libc_a-memset.o)
                0x080095ae                memset
 *fill*         0x080095be        0x2 
 .text.__libc_init_array
                0x080095c0       0x48 C:/Users/g_aa2/AppData/Local/stm32cube/bundles/gnu-tools-for-stm32/14.3.1+st.2/bin/../lib/gcc/arm-none-eabi/14.3.1/../../../../arm-none-eabi/lib/thumb/v7-m/nofp\libg_nano.a(libc_a-init.o)
                0x080095c0                __libc_init_array
 .text.memcpy   0x08009608       0x1c C:/Users/g_aa2/AppData/Local/stm32cube/bundles/gnu-tools-for-stm32/14.3.1+st.2/bin/../lib/gcc/arm-none-eabi/14.3.1/../../../../arm-none-eabi/lib/thumb/v7-m/nofp\libg_nano.a(libc_a-memcpy-stub.o)
                0x08009608                memcpy
 *(.glue_7)
 .glue_7        0x08009624        0x0 linker stubs
 *(.glue_7t)
 .glue_7t       0x08009624        0x0 linker stubs
 *(.eh_frame)
 .eh_frame      0x08009624        0x0 C:/Users/g_aa2/AppData/Local/stm32cube/bundles/gnu-tools-for-stm32/14.3.1+st.2/bin/../lib/gcc/arm-none-eabi/14.3.1/thumb/v7-m/nofp/crtbegin.o
 *(.init)
 .init          0x08009624        0x4 C:/Users/g_aa2/AppData/Local/stm32cube/bundles/gnu-tools-for-stm32/14.3.1+st.2/bin/../lib/gcc/arm-none-eabi/14.3.1/thumb/v7-m/nofp/crti.o
                0x08009624                _init
 .init          0x08009628        0x8 C:/Users/g_aa2/AppData/Local/stm32cube/bundles/gnu-tools-for-stm32/14.3.1+st.2/bin/../lib/gcc/arm-none-eabi/14.3.1/thumb/v7-m/nofp/crtn.o
 *(.fini)
 .fini          0x08009630        0x4 C:/Users/g_aa2/AppData/Local/stm32cube/bundles/gnu-tools-for-stm32/14.3.1+st.2/bin/../lib/gcc/arm-none-eabi/14.3.1/thumb/v7-m/nofp/crti.o
                0x08009630                _fini
 .fini          0x08009634        0x8 C:/Users/g_aa2/AppData/Local/stm32cube/bundles/gnu-tools-for-stm32/14.3.1+st.2/bin/../lib/gcc/arm-none-eabi/14.3.1/thumb/v7-m/nofp/crtn.o
                0x0800963c                        . = ALIGN (0x4)
                0x0800963c                        _etext = .

.vfp11_veneer   0x0800963c        0x0
 .vfp11_veneer  0x0800963c        0x0 linker stubs

.v4_bx          0x0800963c        0x0
 .v4_bx         0x0800963c        0x0 linker stubs

.iplt           0x0800963c        0x0
 .iplt          0x0800963c        0x0 C:/Users/g_aa2/AppData/Local/stm32cube/bundles/gnu-tools-for-stm32/14.3.1+st.2/bin/../lib/gcc/arm-none-eabi/14.3.1/thumb/v7-m/nofp/crtbegin.o

.rodata         0x0800963c      0xa1c
                0x0800963c                        . = ALIGN (0x4)
 *(.rodata)
 .rodata        0x0800963c        0x5 cmake/stm32cubemx/CMakeFiles/FreeRTOS.dir/__/__/Middlewares/Third_Party/FreeRTOS/Source/tasks.c.obj
 *fill*         0x08009641        0x3 
 .rodata        0x08009644        0xd cmake/stm32cubemx/CMakeFiles/FreeRTOS.dir/__/__/Middlewares/Third_Party/FreeRTOS/Source/timers.c.obj
 *fill*         0x08009651        0x3 
 .rodata        0x08009654       0x83 CMakeFiles/RemoteControl.dir/Core/Src/freertos.c.obj
 *fill*         0x080096d7        0x1 
 .rodata        0x080096d8        0xd CMakeFiles/RemoteControl.dir/User/Third_Party/OLED/oled_ui.c.obj
 *(.rodata*)
 *fill*         0x080096e5        0x3 
 .rodata.AHBPrescTable
                0x080096e8       0x10 cmake/stm32cubemx/CMakeFiles/STM32_Drivers.dir/__/__/Core/Src/system_stm32f1xx.c.obj
                0x080096e8                AHBPrescTable
 .rodata.APBPrescTable
                0x080096f8        0x8 cmake/stm32cubemx/CMakeFiles/STM32_Drivers.dir/__/__/Core/Src/system_stm32f1xx.c.obj
                0x080096f8                APBPrescTable
 .rodata.aPLLMULFactorTable.1
                0x08009700       0x10 cmake/stm32cubemx/CMakeFiles/STM32_Drivers.dir/__/__/Drivers/STM32F1xx_HAL_Driver/Src/stm32f1xx_hal_rcc.c.obj
 .rodata.aPredivFactorTable.0
                0x08009710        0x2 cmake/stm32cubemx/CMakeFiles/STM32_Drivers.dir/__/__/Drivers/STM32F1xx_HAL_Driver/Src/stm32f1xx_hal_rcc.c.obj
 *fill*         0x08009712        0x2 
 .rodata.defaultTask_attributes
                0x08009714       0x24 CMakeFiles/RemoteControl.dir/Core/Src/freertos.c.obj
                0x08009714                defaultTask_attributes
 .rodata.KEY_Debounce_T_attributes
                0x08009738       0x24 CMakeFiles/RemoteControl.dir/Core/Src/freertos.c.obj
                0x08009738                KEY_Debounce_T_attributes
 .rodata.KEY_CMD_T_attributes
                0x0800975c       0x24 CMakeFiles/RemoteControl.dir/Core/Src/freertos.c.obj
                0x0800975c                KEY_CMD_T_attributes
 .rodata.UART_RX_T_attributes
                0x08009780       0x24 CMakeFiles/RemoteControl.dir/Core/Src/freertos.c.obj
                0x08009780                UART_RX_T_attributes
 .rodata.UART_TX_T_attributes
                0x080097a4       0x24 CMakeFiles/RemoteControl.dir/Core/Src/freertos.c.obj
                0x080097a4                UART_TX_T_attributes
 .rodata.UART_RX_CMD_attributes
                0x080097c8       0x24 CMakeFiles/RemoteControl.dir/Core/Src/freertos.c.obj
                0x080097c8                UART_RX_CMD_attributes
 .rodata.OLED_T_attributes
                0x080097ec       0x24 CMakeFiles/RemoteControl.dir/Core/Src/freertos.c.obj
                0x080097ec                OLED_T_attributes
 .rodata.KEY_CMD_Q_attributes
                0x08009810       0x18 CMakeFiles/RemoteControl.dir/Core/Src/freertos.c.obj
                0x08009810                KEY_CMD_Q_attributes
 .rodata.UART_RX_Q_attributes
                0x08009828       0x18 CMakeFiles/RemoteControl.dir/Core/Src/freertos.c.obj
                0x08009828                UART_RX_Q_attributes
 .rodata.UART_TX_Q_attributes
                0x08009840       0x18 CMakeFiles/RemoteControl.dir/Core/Src/freertos.c.obj
                0x08009840                UART_TX_Q_attributes
 .rodata.UART_RX_BS_attributes
                0x08009858       0x10 CMakeFiles/RemoteControl.dir/Core/Src/freertos.c.obj
                0x08009858                UART_RX_BS_attributes
 .rodata.CMD_TABLE
                0x08009868       0x18 CMakeFiles/RemoteControl.dir/User/APP/APP_Uart/app_uart_cmd.c.obj
 .rodata.KEY_DISPATCH_TABLE
                0x08009880       0xc0 CMakeFiles/RemoteControl.dir/User/APP/APP_Key/app_key_cmd.c.obj
 .rodata.GPIO_HW_MAP
                0x08009940       0xf0 CMakeFiles/RemoteControl.dir/User/BSP/BSP_GPIO/bsp_gpio.c.obj
 .rodata.BSP_UART_MAP
                0x08009a30       0x10 CMakeFiles/RemoteControl.dir/User/BSP/BSP_Uart/bsp_uart.c.obj
 .rodata.KEY_REG_TABLE
                0x08009a40       0x1e CMakeFiles/RemoteControl.dir/User/TASK/task_key_debounce.c.obj
 *fill*         0x08009a5e        0x2 
 .rodata.ascii_16x8
                0x08009a60      0x5f0 CMakeFiles/RemoteControl.dir/User/Third_Party/OLED/font.c.obj
                0x08009a60                ascii_16x8
 .rodata.afont16x8
                0x0800a050        0x8 CMakeFiles/RemoteControl.dir/User/Third_Party/OLED/font.c.obj
                0x0800a050                afont16x8
                0x0800a058                        . = ALIGN (0x4)

.ARM.extab      0x0800a058        0x0
                0x0800a058                        . = ALIGN (0x4)
 *(.ARM.extab* .gnu.linkonce.armextab.*)
                0x0800a058                        . = ALIGN (0x4)

.ARM            0x0800a058        0x0
                0x0800a058                        . = ALIGN (0x4)
                0x0800a058                        __exidx_start = .
 *(.ARM.exidx*)
                0x0800a058                        __exidx_end = .
                0x0800a058                        . = ALIGN (0x4)

.preinit_array  0x0800a058        0x0
                0x0800a058                        . = ALIGN (0x4)
                0x0800a058                        PROVIDE (__preinit_array_start = .)
 *(.preinit_array*)
                0x0800a058                        PROVIDE (__preinit_array_end = .)
                0x0800a058                        . = ALIGN (0x4)

.init_array     0x0800a058        0x4
                0x0800a058                        . = ALIGN (0x4)
                0x0800a058                        PROVIDE (__init_array_start = .)
 *(SORT_BY_NAME(.init_array.*))
 *(.init_array*)
 .init_array    0x0800a058        0x4 C:/Users/g_aa2/AppData/Local/stm32cube/bundles/gnu-tools-for-stm32/14.3.1+st.2/bin/../lib/gcc/arm-none-eabi/14.3.1/thumb/v7-m/nofp/crtbegin.o
                0x0800a05c                        PROVIDE (__init_array_end = .)
                0x0800a05c                        . = ALIGN (0x4)

.fini_array     0x0800a05c        0x4
                0x0800a05c                        . = ALIGN (0x4)
                [!provide]                        PROVIDE (__fini_array_start = .)
 *(SORT_BY_NAME(.fini_array.*))
 *(.fini_array*)
 .fini_array    0x0800a05c        0x4 C:/Users/g_aa2/AppData/Local/stm32cube/bundles/gnu-tools-for-stm32/14.3.1+st.2/bin/../lib/gcc/arm-none-eabi/14.3.1/thumb/v7-m/nofp/crtbegin.o
                [!provide]                        PROVIDE (__fini_array_end = .)
                0x0800a060                        . = ALIGN (0x4)
                0x0800a060                        _sidata = LOADADDR (.data)

.rel.dyn        0x0800a060        0x0
 .rel.iplt      0x0800a060        0x0 C:/Users/g_aa2/AppData/Local/stm32cube/bundles/gnu-tools-for-stm32/14.3.1+st.2/bin/../lib/gcc/arm-none-eabi/14.3.1/thumb/v7-m/nofp/crtbegin.o

.data           0x20000000       0x10 load address 0x0800a060
                0x20000000                        . = ALIGN (0x4)
                0x20000000                        _sdata = .
 *(.data)
 *(.data*)
 .data.SystemCoreClock
                0x20000000        0x4 cmake/stm32cubemx/CMakeFiles/STM32_Drivers.dir/__/__/Core/Src/system_stm32f1xx.c.obj
                0x20000000                SystemCoreClock
 .data.uwTickPrio
                0x20000004        0x4 cmake/stm32cubemx/CMakeFiles/STM32_Drivers.dir/__/__/Drivers/STM32F1xx_HAL_Driver/Src/stm32f1xx_hal.c.obj
                0x20000004                uwTickPrio
 .data.uwTickFreq
                0x20000008        0x1 cmake/stm32cubemx/CMakeFiles/STM32_Drivers.dir/__/__/Drivers/STM32F1xx_HAL_Driver/Src/stm32f1xx_hal.c.obj
                0x20000008                uwTickFreq
 *fill*         0x20000009        0x3 
 .data.uxCriticalNesting
                0x2000000c        0x4 cmake/stm32cubemx/CMakeFiles/FreeRTOS.dir/__/__/Middlewares/Third_Party/FreeRTOS/Source/portable/GCC/ARM_CM3/port.c.obj
 *(.RamFunc)
 *(.RamFunc*)
                0x20000010                        . = ALIGN (0x4)

.igot.plt       0x20000010        0x0 load address 0x0800a070
 .igot.plt      0x20000010        0x0 C:/Users/g_aa2/AppData/Local/stm32cube/bundles/gnu-tools-for-stm32/14.3.1+st.2/bin/../lib/gcc/arm-none-eabi/14.3.1/thumb/v7-m/nofp/crtbegin.o

.tdata          0x20000010        0x0 load address 0x0800a070
 *(.tdata .tdata.* .gnu.linkonce.td.*)
                0x20000010                        . = ALIGN (0x4)
                0x20000010                        _edata = .
                [!provide]                        PROVIDE (__data_end = .)
                [!provide]                        PROVIDE (__tdata_end = .)
                [!provide]                        PROVIDE (__tdata_start = ADDR (.tdata))
                [!provide]                        PROVIDE (__tdata_size = (__tdata_end - __tdata_start))
                [!provide]                        PROVIDE (__data_start = ADDR (.data))
                [!provide]                        PROVIDE (__data_size = (__data_end - __data_start))
                [!provide]                        PROVIDE (__tdata_source = LOADADDR (.tdata))
                [!provide]                        PROVIDE (__tdata_source_end = (LOADADDR (.tdata) + SIZEOF (.tdata)))
                [!provide]                        PROVIDE (__tdata_source_size = (__tdata_source_end - __tdata_source))
                [!provide]                        PROVIDE (__data_source = LOADADDR (.data))
                [!provide]                        PROVIDE (__data_source_end = __tdata_source_end)
                [!provide]                        PROVIDE (__data_source_size = (__data_source_end - __data_source))

.tbss           0x20000010        0x0 load address 0x0800a070
                0x20000010                        _sbss = .
                0x20000010                        __bss_start__ = _sbss
 *(.tbss .tbss.*)
                0x20000010                        . = ALIGN (0x4)
                [!provide]                        PROVIDE (__tbss_end = .)
                [!provide]                        PROVIDE (__tbss_start = ADDR (.tbss))
                [!provide]                        PROVIDE (__tbss_size = (__tbss_end - __tbss_start))
                [!provide]                        PROVIDE (__tbss_offset = (ADDR (.tbss) - ADDR (.tdata)))
                [!provide]                        PROVIDE (__tls_base = __tdata_start)
                [!provide]                        PROVIDE (__tls_end = __tbss_end)
                [!provide]                        PROVIDE (__tls_size = (__tls_end - __tls_base))
                [!provide]                        PROVIDE (__tls_align = MAX (ALIGNOF (.tdata), ALIGNOF (.tbss)))
                [!provide]                        PROVIDE (__tls_size_align = (((__tls_size + __tls_align) - 0x1) & ~ ((__tls_align - 0x1))))
                [!provide]                        PROVIDE (__arm32_tls_tcb_offset = MAX (0x8, __tls_align))
                [!provide]                        PROVIDE (__arm64_tls_tcb_offset = MAX (0x10, __tls_align))

.bss            0x20000010     0x3964 load address 0x0800a070
 *(.bss)
 .bss           0x20000010       0x1c C:/Users/g_aa2/AppData/Local/stm32cube/bundles/gnu-tools-for-stm32/14.3.1+st.2/bin/../lib/gcc/arm-none-eabi/14.3.1/thumb/v7-m/nofp/crtbegin.o
 *(.bss*)
 .bss.uwTick    0x2000002c        0x4 cmake/stm32cubemx/CMakeFiles/STM32_Drivers.dir/__/__/Drivers/STM32F1xx_HAL_Driver/Src/stm32f1xx_hal.c.obj
                0x2000002c                uwTick
 .bss.xQueueRegistry
                0x20000030       0x40 cmake/stm32cubemx/CMakeFiles/FreeRTOS.dir/__/__/Middlewares/Third_Party/FreeRTOS/Source/queue.c.obj
                0x20000030                xQueueRegistry
 .bss.pxCurrentTCB
                0x20000070        0x4 cmake/stm32cubemx/CMakeFiles/FreeRTOS.dir/__/__/Middlewares/Third_Party/FreeRTOS/Source/tasks.c.obj
                0x20000070                pxCurrentTCB
 .bss.pxReadyTasksLists
                0x20000074      0x460 cmake/stm32cubemx/CMakeFiles/FreeRTOS.dir/__/__/Middlewares/Third_Party/FreeRTOS/Source/tasks.c.obj
 .bss.xDelayedTaskList1
                0x200004d4       0x14 cmake/stm32cubemx/CMakeFiles/FreeRTOS.dir/__/__/Middlewares/Third_Party/FreeRTOS/Source/tasks.c.obj
 .bss.xDelayedTaskList2
                0x200004e8       0x14 cmake/stm32cubemx/CMakeFiles/FreeRTOS.dir/__/__/Middlewares/Third_Party/FreeRTOS/Source/tasks.c.obj
 .bss.pxDelayedTaskList
                0x200004fc        0x4 cmake/stm32cubemx/CMakeFiles/FreeRTOS.dir/__/__/Middlewares/Third_Party/FreeRTOS/Source/tasks.c.obj
 .bss.pxOverflowDelayedTaskList
                0x20000500        0x4 cmake/stm32cubemx/CMakeFiles/FreeRTOS.dir/__/__/Middlewares/Third_Party/FreeRTOS/Source/tasks.c.obj
 .bss.xPendingReadyList
                0x20000504       0x14 cmake/stm32cubemx/CMakeFiles/FreeRTOS.dir/__/__/Middlewares/Third_Party/FreeRTOS/Source/tasks.c.obj
 .bss.xTasksWaitingTermination
                0x20000518       0x14 cmake/stm32cubemx/CMakeFiles/FreeRTOS.dir/__/__/Middlewares/Third_Party/FreeRTOS/Source/tasks.c.obj
 .bss.uxDeletedTasksWaitingCleanUp
                0x2000052c        0x4 cmake/stm32cubemx/CMakeFiles/FreeRTOS.dir/__/__/Middlewares/Third_Party/FreeRTOS/Source/tasks.c.obj
 .bss.xSuspendedTaskList
                0x20000530       0x14 cmake/stm32cubemx/CMakeFiles/FreeRTOS.dir/__/__/Middlewares/Third_Party/FreeRTOS/Source/tasks.c.obj
 .bss.uxCurrentNumberOfTasks
                0x20000544        0x4 cmake/stm32cubemx/CMakeFiles/FreeRTOS.dir/__/__/Middlewares/Third_Party/FreeRTOS/Source/tasks.c.obj
 .bss.xTickCount
                0x20000548        0x4 cmake/stm32cubemx/CMakeFiles/FreeRTOS.dir/__/__/Middlewares/Third_Party/FreeRTOS/Source/tasks.c.obj
 .bss.uxTopReadyPriority
                0x2000054c        0x4 cmake/stm32cubemx/CMakeFiles/FreeRTOS.dir/__/__/Middlewares/Third_Party/FreeRTOS/Source/tasks.c.obj
 .bss.xSchedulerRunning
                0x20000550        0x4 cmake/stm32cubemx/CMakeFiles/FreeRTOS.dir/__/__/Middlewares/Third_Party/FreeRTOS/Source/tasks.c.obj
 .bss.xPendedTicks
                0x20000554        0x4 cmake/stm32cubemx/CMakeFiles/FreeRTOS.dir/__/__/Middlewares/Third_Party/FreeRTOS/Source/tasks.c.obj
 .bss.xYieldPending
                0x20000558        0x4 cmake/stm32cubemx/CMakeFiles/FreeRTOS.dir/__/__/Middlewares/Third_Party/FreeRTOS/Source/tasks.c.obj
 .bss.xNumOfOverflows
                0x2000055c        0x4 cmake/stm32cubemx/CMakeFiles/FreeRTOS.dir/__/__/Middlewares/Third_Party/FreeRTOS/Source/tasks.c.obj
 .bss.uxTaskNumber
                0x20000560        0x4 cmake/stm32cubemx/CMakeFiles/FreeRTOS.dir/__/__/Middlewares/Third_Party/FreeRTOS/Source/tasks.c.obj
 .bss.xNextTaskUnblockTime
                0x20000564        0x4 cmake/stm32cubemx/CMakeFiles/FreeRTOS.dir/__/__/Middlewares/Third_Party/FreeRTOS/Source/tasks.c.obj
 .bss.xIdleTaskHandle
                0x20000568        0x4 cmake/stm32cubemx/CMakeFiles/FreeRTOS.dir/__/__/Middlewares/Third_Party/FreeRTOS/Source/tasks.c.obj
 .bss.uxSchedulerSuspended
                0x2000056c        0x4 cmake/stm32cubemx/CMakeFiles/FreeRTOS.dir/__/__/Middlewares/Third_Party/FreeRTOS/Source/tasks.c.obj
 .bss.xActiveTimerList1
                0x20000570       0x14 cmake/stm32cubemx/CMakeFiles/FreeRTOS.dir/__/__/Middlewares/Third_Party/FreeRTOS/Source/timers.c.obj
 .bss.xActiveTimerList2
                0x20000584       0x14 cmake/stm32cubemx/CMakeFiles/FreeRTOS.dir/__/__/Middlewares/Third_Party/FreeRTOS/Source/timers.c.obj
 .bss.pxCurrentTimerList
                0x20000598        0x4 cmake/stm32cubemx/CMakeFiles/FreeRTOS.dir/__/__/Middlewares/Third_Party/FreeRTOS/Source/timers.c.obj
 .bss.pxOverflowTimerList
                0x2000059c        0x4 cmake/stm32cubemx/CMakeFiles/FreeRTOS.dir/__/__/Middlewares/Third_Party/FreeRTOS/Source/timers.c.obj
 .bss.xTimerQueue
                0x200005a0        0x4 cmake/stm32cubemx/CMakeFiles/FreeRTOS.dir/__/__/Middlewares/Third_Party/FreeRTOS/Source/timers.c.obj
 .bss.xTimerTaskHandle
                0x200005a4        0x4 cmake/stm32cubemx/CMakeFiles/FreeRTOS.dir/__/__/Middlewares/Third_Party/FreeRTOS/Source/timers.c.obj
 .bss.xLastTime.2
                0x200005a8        0x4 cmake/stm32cubemx/CMakeFiles/FreeRTOS.dir/__/__/Middlewares/Third_Party/FreeRTOS/Source/timers.c.obj
 .bss.ucStaticTimerQueueStorage.1
                0x200005ac       0xa0 cmake/stm32cubemx/CMakeFiles/FreeRTOS.dir/__/__/Middlewares/Third_Party/FreeRTOS/Source/timers.c.obj
 .bss.xStaticTimerQueue.0
                0x2000064c       0x50 cmake/stm32cubemx/CMakeFiles/FreeRTOS.dir/__/__/Middlewares/Third_Party/FreeRTOS/Source/timers.c.obj
 .bss.KernelState
                0x2000069c        0x4 cmake/stm32cubemx/CMakeFiles/FreeRTOS.dir/__/__/Middlewares/Third_Party/FreeRTOS/Source/CMSIS_RTOS_V2/cmsis_os2.c.obj
 .bss.Idle_TCB.3
                0x200006a0       0x5c cmake/stm32cubemx/CMakeFiles/FreeRTOS.dir/__/__/Middlewares/Third_Party/FreeRTOS/Source/CMSIS_RTOS_V2/cmsis_os2.c.obj
 .bss.Idle_Stack.2
                0x200006fc      0x100 cmake/stm32cubemx/CMakeFiles/FreeRTOS.dir/__/__/Middlewares/Third_Party/FreeRTOS/Source/CMSIS_RTOS_V2/cmsis_os2.c.obj
 .bss.Timer_TCB.1
                0x200007fc       0x5c cmake/stm32cubemx/CMakeFiles/FreeRTOS.dir/__/__/Middlewares/Third_Party/FreeRTOS/Source/CMSIS_RTOS_V2/cmsis_os2.c.obj
 .bss.Timer_Stack.0
                0x20000858      0x200 cmake/stm32cubemx/CMakeFiles/FreeRTOS.dir/__/__/Middlewares/Third_Party/FreeRTOS/Source/CMSIS_RTOS_V2/cmsis_os2.c.obj
 .bss.ucHeap    0x20000a58      0x200 cmake/stm32cubemx/CMakeFiles/FreeRTOS.dir/__/__/Middlewares/Third_Party/FreeRTOS/Source/portable/MemMang/heap_4.c.obj
 .bss.xStart    0x20000c58        0x8 cmake/stm32cubemx/CMakeFiles/FreeRTOS.dir/__/__/Middlewares/Third_Party/FreeRTOS/Source/portable/MemMang/heap_4.c.obj
 .bss.pxEnd     0x20000c60        0x4 cmake/stm32cubemx/CMakeFiles/FreeRTOS.dir/__/__/Middlewares/Third_Party/FreeRTOS/Source/portable/MemMang/heap_4.c.obj
 .bss.xFreeBytesRemaining
                0x20000c64        0x4 cmake/stm32cubemx/CMakeFiles/FreeRTOS.dir/__/__/Middlewares/Third_Party/FreeRTOS/Source/portable/MemMang/heap_4.c.obj
 .bss.xMinimumEverFreeBytesRemaining
                0x20000c68        0x4 cmake/stm32cubemx/CMakeFiles/FreeRTOS.dir/__/__/Middlewares/Third_Party/FreeRTOS/Source/portable/MemMang/heap_4.c.obj
 .bss.xNumberOfSuccessfulAllocations
                0x20000c6c        0x4 cmake/stm32cubemx/CMakeFiles/FreeRTOS.dir/__/__/Middlewares/Third_Party/FreeRTOS/Source/portable/MemMang/heap_4.c.obj
 .bss.xNumberOfSuccessfulFrees
                0x20000c70        0x4 cmake/stm32cubemx/CMakeFiles/FreeRTOS.dir/__/__/Middlewares/Third_Party/FreeRTOS/Source/portable/MemMang/heap_4.c.obj
 .bss.xBlockAllocatedBit
                0x20000c74        0x4 cmake/stm32cubemx/CMakeFiles/FreeRTOS.dir/__/__/Middlewares/Third_Party/FreeRTOS/Source/portable/MemMang/heap_4.c.obj
 .bss.ucMaxSysCallPriority
                0x20000c78        0x1 cmake/stm32cubemx/CMakeFiles/FreeRTOS.dir/__/__/Middlewares/Third_Party/FreeRTOS/Source/portable/GCC/ARM_CM3/port.c.obj
 *fill*         0x20000c79        0x3 
 .bss.ulMaxPRIGROUPValue
                0x20000c7c        0x4 cmake/stm32cubemx/CMakeFiles/FreeRTOS.dir/__/__/Middlewares/Third_Party/FreeRTOS/Source/portable/GCC/ARM_CM3/port.c.obj
 .bss.defaultTaskHandle
                0x20000c80        0x4 CMakeFiles/RemoteControl.dir/Core/Src/freertos.c.obj
                0x20000c80                defaultTaskHandle
 .bss.KEY_Debounce_THandle
                0x20000c84        0x4 CMakeFiles/RemoteControl.dir/Core/Src/freertos.c.obj
                0x20000c84                KEY_Debounce_THandle
 .bss.KEY_Debounce_TBuffer
                0x20000c88      0x200 CMakeFiles/RemoteControl.dir/Core/Src/freertos.c.obj
                0x20000c88                KEY_Debounce_TBuffer
 .bss.KEY_Debounce_TControlBlock
                0x20000e88       0x5c CMakeFiles/RemoteControl.dir/Core/Src/freertos.c.obj
                0x20000e88                KEY_Debounce_TControlBlock
 .bss.KEY_CMD_THandle
                0x20000ee4        0x4 CMakeFiles/RemoteControl.dir/Core/Src/freertos.c.obj
                0x20000ee4                KEY_CMD_THandle
 .bss.KEY_CMD_TBuffer
                0x20000ee8      0x400 CMakeFiles/RemoteControl.dir/Core/Src/freertos.c.obj
                0x20000ee8                KEY_CMD_TBuffer
 .bss.KEY_CMD_TControlBlock
                0x200012e8       0x5c CMakeFiles/RemoteControl.dir/Core/Src/freertos.c.obj
                0x200012e8                KEY_CMD_TControlBlock
 .bss.UART_RX_THandle
                0x20001344        0x4 CMakeFiles/RemoteControl.dir/Core/Src/freertos.c.obj
                0x20001344                UART_RX_THandle
 .bss.UART_RX_TBuffer
                0x20001348      0x200 CMakeFiles/RemoteControl.dir/Core/Src/freertos.c.obj
                0x20001348                UART_RX_TBuffer
 .bss.UART_RX_TControlBlock
                0x20001548       0x5c CMakeFiles/RemoteControl.dir/Core/Src/freertos.c.obj
                0x20001548                UART_RX_TControlBlock
 .bss.UART_TX_THandle
                0x200015a4        0x4 CMakeFiles/RemoteControl.dir/Core/Src/freertos.c.obj
                0x200015a4                UART_TX_THandle
 .bss.UART_TX_TBuffer
                0x200015a8      0x200 CMakeFiles/RemoteControl.dir/Core/Src/freertos.c.obj
                0x200015a8                UART_TX_TBuffer
 .bss.UART_TX_TControlBlock
                0x200017a8       0x5c CMakeFiles/RemoteControl.dir/Core/Src/freertos.c.obj
                0x200017a8                UART_TX_TControlBlock
 .bss.UART_RX_CMDHandle
                0x20001804        0x4 CMakeFiles/RemoteControl.dir/Core/Src/freertos.c.obj
                0x20001804                UART_RX_CMDHandle
 .bss.UART_RX_CMDBuffer
                0x20001808      0x200 CMakeFiles/RemoteControl.dir/Core/Src/freertos.c.obj
                0x20001808                UART_RX_CMDBuffer
 .bss.UART_RX_CMDControlBlock
                0x20001a08       0x5c CMakeFiles/RemoteControl.dir/Core/Src/freertos.c.obj
                0x20001a08                UART_RX_CMDControlBlock
 .bss.OLED_THandle
                0x20001a64        0x4 CMakeFiles/RemoteControl.dir/Core/Src/freertos.c.obj
                0x20001a64                OLED_THandle
 .bss.OLED_TBuffer
                0x20001a68      0x200 CMakeFiles/RemoteControl.dir/Core/Src/freertos.c.obj
                0x20001a68                OLED_TBuffer
 .bss.OLED_TControlBlock
                0x20001c68       0x5c CMakeFiles/RemoteControl.dir/Core/Src/freertos.c.obj
                0x20001c68                OLED_TControlBlock
 .bss.KEY_CMD_QHandle
                0x20001cc4        0x4 CMakeFiles/RemoteControl.dir/Core/Src/freertos.c.obj
                0x20001cc4                KEY_CMD_QHandle
 .bss.KEY_CMD_QBuffer
                0x20001cc8       0x20 CMakeFiles/RemoteControl.dir/Core/Src/freertos.c.obj
                0x20001cc8                KEY_CMD_QBuffer
 .bss.KEY_CMD_QControlBlock
                0x20001ce8       0x50 CMakeFiles/RemoteControl.dir/Core/Src/freertos.c.obj
                0x20001ce8                KEY_CMD_QControlBlock
 .bss.UART_RX_QHandle
                0x20001d38        0x4 CMakeFiles/RemoteControl.dir/Core/Src/freertos.c.obj
                0x20001d38                UART_RX_QHandle
 .bss.UART_RX_QBuffer
                0x20001d3c       0x10 CMakeFiles/RemoteControl.dir/Core/Src/freertos.c.obj
                0x20001d3c                UART_RX_QBuffer
 .bss.UART_RX_QControlBlock
                0x20001d4c       0x50 CMakeFiles/RemoteControl.dir/Core/Src/freertos.c.obj
                0x20001d4c                UART_RX_QControlBlock
 .bss.UART_TX_QHandle
                0x20001d9c        0x4 CMakeFiles/RemoteControl.dir/Core/Src/freertos.c.obj
                0x20001d9c                UART_TX_QHandle
 .bss.UART_TX_QBuffer
                0x20001da0      0x820 CMakeFiles/RemoteControl.dir/Core/Src/freertos.c.obj
                0x20001da0                UART_TX_QBuffer
 .bss.UART_TX_QControlBlock
                0x200025c0       0x50 CMakeFiles/RemoteControl.dir/Core/Src/freertos.c.obj
                0x200025c0                UART_TX_QControlBlock
 .bss.UART_RX_BSHandle
                0x20002610        0x4 CMakeFiles/RemoteControl.dir/Core/Src/freertos.c.obj
                0x20002610                UART_RX_BSHandle
 .bss.UART_RX_BSControlBlock
                0x20002614       0x50 CMakeFiles/RemoteControl.dir/Core/Src/freertos.c.obj
                0x20002614                UART_RX_BSControlBlock
 .bss.hi2c1     0x20002664       0x54 CMakeFiles/RemoteControl.dir/Core/Src/i2c.c.obj
                0x20002664                hi2c1
 .bss.huart1    0x200026b8       0x48 CMakeFiles/RemoteControl.dir/Core/Src/usart.c.obj
                0x200026b8                huart1
 .bss.hdma_usart1_rx
                0x20002700       0x44 CMakeFiles/RemoteControl.dir/Core/Src/usart.c.obj
                0x20002700                hdma_usart1_rx
 .bss.hdma_usart1_tx
                0x20002744       0x44 CMakeFiles/RemoteControl.dir/Core/Src/usart.c.obj
                0x20002744                hdma_usart1_tx
 .bss.htim4     0x20002788       0x48 CMakeFiles/RemoteControl.dir/Core/Src/stm32f1xx_hal_timebase_tim.c.obj
                0x20002788                htim4
 .bss.app_port_pool
                0x200027d0      0x30c CMakeFiles/RemoteControl.dir/User/APP/APP_Uart/app_uart.c.obj
 .bss.app_port_count
                0x20002adc        0x1 CMakeFiles/RemoteControl.dir/User/APP/APP_Uart/app_uart.c.obj
 *fill*         0x20002add        0x3 
 .bss.tx_dual_pool
                0x20002ae0      0x105 CMakeFiles/RemoteControl.dir/User/APP/APP_Uart/app_uart.c.obj
 *fill*         0x20002be5        0x3 
 .bss.app_rx_pool
                0x20002be8      0x800 CMakeFiles/RemoteControl.dir/User/APP/APP_Uart/app_uart.c.obj
 .bss.app_rx_pool_wr